Archive member included to satisfy reference by file (symbol)

C:/ARM-Toolchain/arm-gnu-toolchain-15.2.rel1-mingw-w64-x86_64-arm-none-eabi/bin/../lib/gcc/arm-none-eabi/15.2.1/../../../../arm-none-eabi/lib/thumb/v6-m/nofp\libstdc++_nano.a(atexit_arm.o)
                              CMakeFiles/TripComputer.dir/Core/Src/App.cpp.obj (__aeabi_atexit)
C:/ARM-Toolchain/arm-gnu-toolchain-15.2.rel1-mingw-w64-x86_64-arm-none-eabi/bin/../lib/gcc/arm-none-eabi/15.2.1/../../../../arm-none-eabi/lib/thumb/v6-m/nofp\libstdc++_nano.a(del_ops.o)
                              CMakeFiles/TripComputer.dir/Core/Src/App.cpp.obj (operator delete(void*, unsigned int))
C:/ARM-Toolchain/arm-gnu-toolchain-15.2.rel1-mingw-w64-x86_64-arm-none-eabi/bin/../lib/gcc/arm-none-eabi/15.2.1/../../../../arm-none-eabi/lib/thumb/v6-m/nofp\libstdc++_nano.a(del_op.o)
                              C:/ARM-Toolchain/arm-gnu-toolchain-15.2.rel1-mingw-w64-x86_64-arm-none-eabi/bin/../lib/gcc/arm-none-eabi/15.2.1/../../../../arm-none-eabi/lib/thumb/v6-m/nofp\libstdc++_nano.a(del_ops.o) (operator delete(void*))
C:/ARM-Toolchain/arm-gnu-toolchain-15.2.rel1-mingw-w64-x86_64-arm-none-eabi/bin/../lib/gcc/arm-none-eabi/15.2.1/thumb/v6-m/nofp\libgcc.a(_udivsi3.o)
                              cmake/stm32cubemx/CMakeFiles/STM32_Drivers.dir/__/__/Core/Src/system_stm32f0xx.c.obj (__aeabi_uidiv)
C:/ARM-Toolchain/arm-gnu-toolchain-15.2.rel1-mingw-w64-x86_64-arm-none-eabi/bin/../lib/gcc/arm-none-eabi/15.2.1/thumb/v6-m/nofp\libgcc.a(_dvmd_tls.o)
                              C:/ARM-Toolchain/arm-gnu-toolchain-15.2.rel1-mingw-w64-x86_64-arm-none-eabi/bin/../lib/gcc/arm-none-eabi/15.2.1/thumb/v6-m/nofp\libgcc.a(_udivsi3.o) (__aeabi_idiv0)
C:/ARM-Toolchain/arm-gnu-toolchain-15.2.rel1-mingw-w64-x86_64-arm-none-eabi/bin/../lib/gcc/arm-none-eabi/15.2.1/thumb/v6-m/nofp\libgcc.a(addsf3.o)
                              CMakeFiles/TripComputer.dir/Components/Gps/Src/NmeaParser.cpp.obj (__aeabi_fadd)
C:/ARM-Toolchain/arm-gnu-toolchain-15.2.rel1-mingw-w64-x86_64-arm-none-eabi/bin/../lib/gcc/arm-none-eabi/15.2.1/thumb/v6-m/nofp\libgcc.a(divsf3.o)
                              CMakeFiles/TripComputer.dir/Components/Gps/Src/NmeaParser.cpp.obj (__aeabi_fdiv)
C:/ARM-Toolchain/arm-gnu-toolchain-15.2.rel1-mingw-w64-x86_64-arm-none-eabi/bin/../lib/gcc/arm-none-eabi/15.2.1/thumb/v6-m/nofp\libgcc.a(mulsf3.o)
                              CMakeFiles/TripComputer.dir/Components/Gps/Src/NmeaParser.cpp.obj (__aeabi_fmul)
C:/ARM-Toolchain/arm-gnu-toolchain-15.2.rel1-mingw-w64-x86_64-arm-none-eabi/bin/../lib/gcc/arm-none-eabi/15.2.1/thumb/v6-m/nofp\libgcc.a(subsf3.o)
                              CMakeFiles/TripComputer.dir/Components/Gps/Src/NmeaParser.cpp.obj (__aeabi_fsub)
C:/ARM-Toolchain/arm-gnu-toolchain-15.2.rel1-mingw-w64-x86_64-arm-none-eabi/bin/../lib/gcc/arm-none-eabi/15.2.1/thumb/v6-m/nofp\libgcc.a(fixsfsi.o)
                              CMakeFiles/TripComputer.dir/Components/Gps/Src/NmeaParser.cpp.obj (__aeabi_f2iz)
C:/ARM-Toolchain/arm-gnu-toolchain-15.2.rel1-mingw-w64-x86_64-arm-none-eabi/bin/../lib/gcc/arm-none-eabi/15.2.1/thumb/v6-m/nofp\libgcc.a(floatsisf.o)
                              CMakeFiles/TripComputer.dir/Components/Gps/Src/NmeaParser.cpp.obj (__aeabi_i2f)
C:/ARM-Toolchain/arm-gnu-toolchain-15.2.rel1-mingw-w64-x86_64-arm-none-eabi/bin/../lib/gcc/arm-none-eabi/15.2.1/thumb/v6-m/nofp\libgcc.a(_clzsi2.o)
                              C:/ARM-Toolchain/arm-gnu-toolchain-15.2.rel1-mingw-w64-x86_64-arm-none-eabi/bin/../lib/gcc/arm-none-eabi/15.2.1/thumb/v6-m/nofp\libgcc.a(addsf3.o) (__clzsi2)
C:/ARM-Toolchain/arm-gnu-toolchain-15.2.rel1-mingw-w64-x86_64-arm-none-eabi/bin/../lib/gcc/arm-none-eabi/15.2.1/../../../../arm-none-eabi/lib/thumb/v6-m/nofp\libg_nano.a(libc_a-exit.o)
                              C:/ARM-Toolchain/arm-gnu-toolchain-15.2.rel1-mingw-w64-x86_64-arm-none-eabi/bin/../lib/gcc/arm-none-eabi/15.2.1/../../../../arm-none-eabi/lib/thumb/v6-m/nofp/crt0.o (exit)
C:/ARM-Toolchain/arm-gnu-toolchain-15.2.rel1-mingw-w64-x86_64-arm-none-eabi/bin/../lib/gcc/arm-none-eabi/15.2.1/../../../../arm-none-eabi/lib/thumb/v6-m/nofp\libg_nano.a(libc_a-malloc.o)
                              C:/ARM-Toolchain/arm-gnu-toolchain-15.2.rel1-mingw-w64-x86_64-arm-none-eabi/bin/../lib/gcc/arm-none-eabi/15.2.1/../../../../arm-none-eabi/lib/thumb/v6-m/nofp\libstdc++_nano.a(del_op.o) (free)
C:/ARM-Toolchain/arm-gnu-toolchain-15.2.rel1-mingw-w64-x86_64-arm-none-eabi/bin/../lib/gcc/arm-none-eabi/15.2.1/../../../../arm-none-eabi/lib/thumb/v6-m/nofp\libg_nano.a(libc_a-mallocr.o)
                              C:/ARM-Toolchain/arm-gnu-toolchain-15.2.rel1-mingw-w64-x86_64-arm-none-eabi/bin/../lib/gcc/arm-none-eabi/15.2.1/../../../../arm-none-eabi/lib/thumb/v6-m/nofp\libg_nano.a(libc_a-malloc.o) (_malloc_r)
C:/ARM-Toolchain/arm-gnu-toolchain-15.2.rel1-mingw-w64-x86_64-arm-none-eabi/bin/../lib/gcc/arm-none-eabi/15.2.1/../../../../arm-none-eabi/lib/thumb/v6-m/nofp\libg_nano.a(libc_a-mlock.o)
[...]
Memory Configuration

Name             Origin             Length             Attributes
RAM              0x20000000         0x00004000         xrw
FLASH            0x08000000         0x00020000         xr
*default*        0x00000000         0xffffffff

Linker script and memory map

LOAD C:/ARM-Toolchain/arm-gnu-toolchain-15.2.rel1-mingw-w64-x86_64-arm-none-eabi/bin/../lib/gcc/arm-none-eabi/15.2.1/thumb/v6-m/nofp/crti.o
LOAD C:/ARM-Toolchain/arm-gnu-toolchain-15.2.rel1-mingw-w64-x86_64-arm-none-eabi/bin/../lib/gcc/arm-none-eabi/15.2.1/thumb/v6-m/nofp/crtbegin.o
LOAD C:/ARM-Toolchain/arm-gnu-toolchain-15.2.rel1-mingw-w64-x86_64-arm-none-eabi/bin/../lib/gcc/arm-none-eabi/15.2.1/../../../../arm-none-eabi/lib/thumb/v6-m/nofp/crt0.o
LOAD cmake/stm32cubemx/CMakeFiles/STM32_Drivers.dir/__/__/Core/Src/system_stm32f0xx.c.obj
LOAD cmake/stm32cubemx/CMakeFiles/STM32_Drivers.dir/__/__/Drivers/STM32F0xx_HAL_Driver/Src/stm32f0xx_hal_tim.c.obj
LOAD cmake/stm32cubemx/CMakeFiles/STM32_Drivers.dir/__/__/Drivers/STM32F0xx_HAL_Driver/Src/stm32f0xx_hal_tim_ex.c.obj
LOAD cmake/stm32cubemx/CMakeFiles/STM32_Drivers.dir/__/__/Drivers/STM32F0xx_HAL_Driver/Src/stm32f0xx_hal_rcc.c.obj
LOAD cmake/stm32cubemx/CMakeFiles/STM32_Drivers.dir/__/__/Drivers/STM32F0xx_HAL_Driver/Src/stm32f0xx_hal_rcc_ex.c.obj
LOAD cmake/stm32cubemx/CMakeFiles/STM32_Drivers.dir/__/__/Drivers/STM32F0xx_HAL_Driver/Src/stm32f0xx_hal.c.obj
LOAD cmake/stm32cubemx/CMakeFiles/STM32_Drivers.dir/__/__/Drivers/STM32F0xx_HAL_Driver/Src/stm32f0xx_hal_i2c.c.obj
LOAD cmake/stm32cubemx/CMakeFiles/STM32_Drivers.dir/__/__/Drivers/STM32F0xx_HAL_Driver/Src/stm32f0xx_hal_i2c_ex.c.obj
LOAD cmake/stm32cubemx/CMakeFiles/STM32_Drivers.dir/__/__/Drivers/STM32F0xx_HAL_Driver/Src/stm32f0xx_hal_gpio.c.obj
LOAD cmake/stm32cubemx/CMakeFiles/STM32_Drivers.dir/__/__/Drivers/STM32F0xx_HAL_Driver/Src/stm32f0xx_hal_dma.c.obj
LOAD cmake/stm32cubemx/CMakeFiles/STM32_Drivers.dir/__/__/Drivers/STM32F0xx_HAL_Driver/Src/stm32f0xx_hal_cortex.c.obj
LOAD cmake/stm32cubemx/CMakeFiles/STM32_Drivers.dir/__/__/Drivers/STM32F0xx_HAL_Driver/Src/stm32f0xx_hal_pwr.c.obj
LOAD cmake/stm32cubemx/CMakeFiles/STM32_Drivers.dir/__/__/Drivers/STM32F0xx_HAL_Driver/Src/stm32f0xx_hal_pwr_ex.c.obj
LOAD cmake/stm32cubemx/CMakeFiles/STM32_Drivers.dir/__/__/Drivers/STM32F0xx_HAL_Driver/Src/stm32f0xx_hal_flash.c.obj
LOAD cmake/stm32cubemx/CMakeFiles/STM32_Drivers.dir/__/__/Drivers/STM32F0xx_HAL_Driver/Src/stm32f0xx_hal_flash_ex.c.obj
LOAD cmake/stm32cubemx/CMakeFiles/STM32_Drivers.dir/__/__/Drivers/STM32F0xx_HAL_Driver/Src/stm32f0xx_hal_exti.c.obj
LOAD cmake/stm32cubemx/CMakeFiles/STM32_Drivers.dir/__/__/Drivers/STM32F0xx_HAL_Driver/Src/stm32f0xx_hal_uart.c.obj
LOAD cmake/stm32cubemx/CMakeFiles/STM32_Drivers.dir/__/__/Drivers/STM32F0xx_HAL_Driver/Src/stm32f0xx_hal_uart_ex.c.obj
LOAD cmake/stm32cubemx/CMakeFiles/FreeRTOS.dir/__/__/Middlewares/Third_Party/FreeRTOS/Source/croutine.c.obj
LOAD cmake/stm32cubemx/CMakeFiles/FreeRTOS.dir/__/__/Middlewares/Third_Party/FreeRTOS/Source/event_groups.c.obj
LOAD cmake/stm32cubemx/CMakeFiles/FreeRTOS.dir/__/__/Middlewares/Third_Party/FreeRTOS/Source/list.c.obj
LOAD cmake/stm32cubemx/CMakeFiles/FreeRTOS.dir/__/__/Middlewares/Third_Party/FreeRTOS/Source/queue.c.obj
LOAD cmake/stm32cubemx/CMakeFiles/FreeRTOS.dir/__/__/Middlewares/Third_Party/FreeRTOS/Source/tasks.c.obj
LOAD cmake/stm32cubemx/CMakeFiles/FreeRTOS.dir/__/__/Middlewares/Third_Party/FreeRTOS/Source/timers.c.obj
LOAD cmake/stm32cubemx/CMakeFiles/FreeRTOS.dir/__/__/Middlewares/Third_Party/FreeRTOS/Source/CMSIS_RTOS_V2/cmsis_os2.c.obj
LOAD cmake/stm32cubemx/CMakeFiles/FreeRTOS.dir/__/__/Middlewares/Third_Party/FreeRTOS/Source/portable/MemMang/heap_4.c.obj
LOAD cmake/stm32cubemx/CMakeFiles/FreeRTOS.dir/__/__/Middlewares/Third_Party/FreeRTOS/Source/portable/GCC/ARM_CM0/port.c.obj
LOAD CMakeFiles/TripComputer.dir/Core/Src/main.c.obj
LOAD CMakeFiles/TripComputer.dir/Core/Src/freertos.c.obj
LOAD CMakeFiles/TripComputer.dir/Core/Src/stm32f0xx_it.c.obj
LOAD CMakeFiles/TripComputer.dir/Core/Src/stm32f0xx_hal_msp.c.obj
LOAD CMakeFiles/TripComputer.dir/Core/Src/stm32f0xx_hal_timebase_tim.c.obj
LOAD CMakeFiles/TripComputer.dir/Core/Src/sysmem.c.obj
LOAD CMakeFiles/TripComputer.dir/Core/Src/syscalls.c.obj
LOAD CMakeFiles/TripComputer.dir/startup_stm32f070xb.s.obj
LOAD CMakeFiles/TripComputer.dir/Core/Src/App.cpp.obj
LOAD CMakeFiles/TripComputer.dir/Drivers/BSP/Src/bsp_board.c.obj
LOAD CMakeFiles/TripComputer.dir/Drivers/BSP/Src/bsp_gps.c.obj
LOAD CMakeFiles/TripComputer.dir/Middlewares/Wrapper/Src/SystemTask.cpp.obj
LOAD CMakeFiles/TripComputer.dir/Middlewares/Wrapper/Src/Thread.cpp.obj
LOAD CMakeFiles/TripComputer.dir/Middlewares/Wrapper/Src/GpsTask.cpp.obj
LOAD CMakeFiles/TripComputer.dir/Components/Gps/Src/Neo6M.cpp.obj
LOAD CMakeFiles/TripComputer.dir/Components/Gps/Src/NmeaParser.cpp.obj
LOAD C:/ARM-Toolchain/arm-gnu-toolchain-15.2.rel1-mingw-w64-x86_64-arm-none-eabi/bin/../lib/gcc/arm-none-eabi/15.2.1/../../../../arm-none-eabi/lib/thumb/v6-m/nofp\libstdc++_nano.a
LOAD C:/ARM-Toolchain/arm-gnu-toolchain-15.2.rel1-mingw-w64-x86_64-arm-none-eabi/bin/../lib/gcc/arm-none-eabi/15.2.1/../../../../arm-none-eabi/lib/thumb/v6-m/nofp\libm.a
START GROUP
LOAD C:/ARM-Toolchain/arm-gnu-toolchain-15.2.rel1-mingw-w64-x86_64-arm-none-eabi/bin/../lib/gcc/arm-none-eabi/15.2.1/thumb/v6-m/nofp\libgcc.a
LOAD C:/ARM-Toolchain/arm-gnu-toolchain-15.2.rel1-mingw-w64-x86_64-arm-none-eabi/bin/../lib/gcc/arm-none-eabi/15.2.1/../../../../arm-none-eabi/lib/thumb/v6-m/nofp\libg_nano.a
LOAD C:/ARM-Toolchain/arm-gnu-toolchain-15.2.rel1-mingw-w64-x86_64-arm-none-eabi/bin/../lib/gcc/arm-none-eabi/15.2.1/../../../../arm-none-eabi/lib/thumb/v6-m/nofp\libc_nano.a
END GROUP
START GROUP
LOAD C:/ARM-Toolchain/arm-gnu-toolchain-15.2.rel1-mingw-w64-x86_64-arm-none-eabi/bin/../lib/gcc/arm-none-eabi/15.2.1/thumb/v6-m/nofp\libgcc.a
LOAD C:/ARM-Toolchain/arm-gnu-toolchain-15.2.rel1-mingw-w64-x86_64-arm-none-eabi/bin/../lib/gcc/arm-none-eabi/15.2.1/../../../../arm-none-eabi/lib/thumb/v6-m/nofp\libc_nano.a
END GROUP
LOAD C:/ARM-Toolchain/arm-gnu-toolchain-15.2.rel1-mingw-w64-x86_64-arm-none-eabi/bin/../lib/gcc/arm-none-eabi/15.2.1/thumb/v6-m/nofp/crtend.o
LOAD C:/ARM-Toolchain/arm-gnu-toolchain-15.2.rel1-mingw-w64-x86_64-arm-none-eabi/bin/../lib/gcc/arm-none-eabi/15.2.1/thumb/v6-m/nofp/crtn.o
                0x20004000                        _estack = (ORIGIN (RAM) + LENGTH (RAM))
                0x00000200                        _Min_Heap_Size = 0x200
                0x00000400                        _Min_Stack_Size = 0x400

.isr_vector     0x08000000       0xc0
                0x08000000                        . = ALIGN (0x4)
 *(.isr_vector)
 .isr_vector    0x08000000       0xc0 CMakeFiles/TripComputer.dir/startup_stm32f070xb.s.obj
                0x08000000                g_pfnVectors
                0x080000c0                        . = ALIGN (0x4)

.text           0x080000c0     0x5ee8
                0x080000c0                        . = ALIGN (0x4)
 *(.text)
 .text          0x080000c0      0x114 C:/ARM-Toolchain/arm-gnu-toolchain-15.2.rel1-mingw-w64-x86_64-arm-none-eabi/bin/../lib/gcc/arm-none-eabi/15.2.1/thumb/v6-m/nofp\libgcc.a(_udivsi3.o)
                0x080000c0                __aeabi_uidiv
                0x080000c0                __udivsi3
                0x080001cc                __aeabi_uidivmod
 .text          0x080001d4        0x4 C:/ARM-Toolchain/arm-gnu-toolchain-15.2.rel1-mingw-w64-x86_64-arm-none-eabi/bin/../lib/gcc/arm-none-eabi/15.2.1/thumb/v6-m/nofp\libgcc.a(_dvmd_tls.o)
                0x080001d4                __aeabi_idiv0
                0x080001d4                __aeabi_ldiv0
 *(.text*)
 .text.deregister_tm_clones
                0x080001d8       0x20 C:/ARM-Toolchain/arm-gnu-toolchain-15.2.rel1-mingw-w64-x86_64-arm-none-eabi/bin/../lib/gcc/arm-none-eabi/15.2.1/thumb/v6-m/nofp/crtbegin.o
 .text.register_tm_clones
                0x080001f8       0x28 C:/ARM-Toolchain/arm-gnu-toolchain-15.2.rel1-mingw-w64-x86_64-arm-none-eabi/bin/../lib/gcc/arm-none-eabi/15.2.1/thumb/v6-m/nofp/crtbegin.o
 .text.__do_global_dtors_aux
                0x08000220       0x2c C:/ARM-Toolchain/arm-gnu-toolchain-15.2.rel1-mingw-w64-x86_64-arm-none-eabi/bin/../lib/gcc/arm-none-eabi/15.2.1/thumb/v6-m/nofp/crtbegin.o
 .text.frame_dummy
                0x0800024c       0x24 C:/ARM-Toolchain/arm-gnu-toolchain-15.2.rel1-mingw-w64-x86_64-arm-none-eabi/bin/../lib/gcc/arm-none-eabi/15.2.1/thumb/v6-m/nofp/crtbegin.o
 .text.SystemInit
                0x08000270        0xa cmake/stm32cubemx/CMakeFiles/STM32_Drivers.dir/__/__/Core/Src/system_stm32f0xx.c.obj
                0x08000270                SystemInit
 .text.HAL_TIM_Base_Init
                0x0800027a       0xa0 cmake/stm32cubemx/CMakeFiles/STM32_Drivers.dir/__/__/Drivers/STM32F0xx_HAL_Driver/Src/stm32f0xx_hal_tim.c.obj
                0x0800027a                HAL_TIM_Base_Init
 .text.HAL_TIM_Base_MspInit
                0x0800031a       0x10 cmake/stm32cubemx/CMakeFiles/STM32_Drivers.dir/__/__/Drivers/STM32F0xx_HAL_Driver/Src/stm32f0xx_hal_tim.c.obj
                0x0800031a                HAL_TIM_Base_MspInit
 *fill*         0x0800032a        0x2 
 .text.HAL_TIM_Base_Start_IT
                0x0800032c       0x98 cmake/stm32cubemx/CMakeFiles/STM32_Drivers.dir/__/__/Drivers/STM32F0xx_HAL_Driver/Src/stm32f0xx_hal_tim.c.obj
                0x0800032c                HAL_TIM_Base_Start_IT
 .text.HAL_TIM_IRQHandler
                0x080003c4      0x1dc cmake/stm32cubemx/CMakeFiles/STM32_Drivers.dir/__/__/Drivers/STM32F0xx_HAL_Driver/Src/stm32f0xx_hal_tim.c.obj
                0x080003c4                HAL_TIM_IRQHandler
 .text.HAL_TIM_OC_DelayElapsedCallback
                0x080005a0       0x10 cmake/stm32cubemx/CMakeFiles/STM32_Drivers.dir/__/__/Drivers/STM32F0xx_HAL_Driver/Src/stm32f0xx_hal_tim.c.obj
                0x080005a0                HAL_TIM_OC_DelayElapsedCallback
 .text.HAL_TIM_IC_CaptureCallback
                0x080005b0       0x10 cmake/stm32cubemx/CMakeFiles/STM32_Drivers.dir/__/__/Drivers/STM32F0xx_HAL_Driver/Src/stm32f0xx_hal_tim.c.obj
                0x080005b0                HAL_TIM_IC_CaptureCallback
 .text.HAL_TIM_PWM_PulseFinishedCallback
                0x080005c0       0x10 cmake/stm32cubemx/CMakeFiles/STM32_Drivers.dir/__/__/Drivers/STM32F0xx_HAL_Driver/Src/stm32f0xx_hal_tim.c.obj
                0x080005c0                HAL_TIM_PWM_PulseFinishedCallback
 .text.HAL_TIM_TriggerCallback
                0x080005d0       0x10 cmake/stm32cubemx/CMakeFiles/STM32_Drivers.dir/__/__/Drivers/STM32F0xx_HAL_Driver/Src/stm32f0xx_hal_tim.c.obj
                0x080005d0                HAL_TIM_TriggerCallback
 .text.TIM_Base_SetConfig
                0x080005e0      0x108 cmake/stm32cubemx/CMakeFiles/STM32_Drivers.dir/__/__/Drivers/STM32F0xx_HAL_Driver/Src/stm32f0xx_hal_tim.c.obj
                0x080005e0                TIM_Base_SetConfig
 .text.HAL_TIMEx_CommutCallback
                0x080006e8       0x10 cmake/stm32cubemx/CMakeFiles/STM32_Drivers.dir/__/__/Drivers/STM32F0xx_HAL_Driver/Src/stm32f0xx_hal_tim_ex.c.obj
                0x080006e8                HAL_TIMEx_CommutCallback
 .text.HAL_TIMEx_BreakCallback
                0x080006f8       0x10 cmake/stm32cubemx/CMakeFiles/STM32_Drivers.dir/__/__/Drivers/STM32F0xx_HAL_Driver/Src/stm32f0xx_hal_tim_ex.c.obj
                0x080006f8                HAL_TIMEx_BreakCallback
 .text.HAL_RCC_OscConfig
                0x08000708      0x63c cmake/stm32cubemx/CMakeFiles/STM32_Drivers.dir/__/__/Drivers/STM32F0xx_HAL_Driver/Src/stm32f0xx_hal_rcc.c.obj
                0x08000708                HAL_RCC_OscConfig
 .text.HAL_RCC_ClockConfig
                0x08000d44      0x19c cmake/stm32cubemx/CMakeFiles/STM32_Drivers.dir/__/__/Drivers/STM32F0xx_HAL_Driver/Src/stm32f0xx_hal_rcc.c.obj
                0x08000d44                HAL_RCC_ClockConfig
 .text.HAL_RCC_GetSysClockFreq
                0x08000ee0       0xb0 cmake/stm32cubemx/CMakeFiles/STM32_Drivers.dir/__/__/Drivers/STM32F0xx_HAL_Driver/Src/stm32f0xx_hal_rcc.c.obj
                0x08000ee0                HAL_RCC_GetSysClockFreq
 .text.HAL_RCC_GetHCLKFreq
                0x08000f90       0x14 cmake/stm32cubemx/CMakeFiles/STM32_Drivers.dir/__/__/Drivers/STM32F0xx_HAL_Driver/Src/stm32f0xx_hal_rcc.c.obj
                0x08000f90                HAL_RCC_GetHCLKFreq
 .text.HAL_RCC_GetPCLK1Freq
                0x08000fa4       0x2c cmake/stm32cubemx/CMakeFiles/STM32_Drivers.dir/__/__/Drivers/STM32F0xx_HAL_Driver/Src/stm32f0xx_hal_rcc.c.obj
                0x08000fa4                HAL_RCC_GetPCLK1Freq
 .text.HAL_RCC_GetClockConfig
                0x08000fd0       0x54 cmake/stm32cubemx/CMakeFiles/STM32_Drivers.dir/__/__/Drivers/STM32F0xx_HAL_Driver/Src/stm32f0xx_hal_rcc.c.obj
                0x08000fd0                HAL_RCC_GetClockConfig
 .text.HAL_RCCEx_PeriphCLKConfig
                0x08001024      0x1bc cmake/stm32cubemx/CMakeFiles/STM32_Drivers.dir/__/__/Drivers/STM32F0xx_HAL_Driver/Src/stm32f0xx_hal_rcc_ex.c.obj
                0x08001024                HAL_RCCEx_PeriphCLKConfig
 .text.HAL_Init
                0x080011e0       0x28 cmake/stm32cubemx/CMakeFiles/STM32_Drivers.dir/__/__/Drivers/STM32F0xx_HAL_Driver/Src/stm32f0xx_hal.c.obj
                0x080011e0                HAL_Init
 .text.HAL_IncTick
                0x08001208       0x24 cmake/stm32cubemx/CMakeFiles/STM32_Drivers.dir/__/__/Drivers/STM32F0xx_HAL_Driver/Src/stm32f0xx_hal.c.obj
                0x08001208                HAL_IncTick
 .text.HAL_GetTick
                0x0800122c       0x14 cmake/stm32cubemx/CMakeFiles/STM32_Drivers.dir/__/__/Drivers/STM32F0xx_HAL_Driver/Src/stm32f0xx_hal.c.obj
                0x0800122c                HAL_GetTick
 .text.HAL_GPIO_Init
                0x08001240      0x2e0 cmake/stm32cubemx/CMakeFiles/STM32_Drivers.dir/__/__/Drivers/STM32F0xx_HAL_Driver/Src/stm32f0xx_hal_gpio.c.obj
                0x08001240                HAL_GPIO_Init
 .text.HAL_GPIO_WritePin
                0x08001520       0x3a cmake/stm32cubemx/CMakeFiles/STM32_Drivers.dir/__/__/Drivers/STM32F0xx_HAL_Driver/Src/stm32f0xx_hal_gpio.c.obj
                0x08001520                HAL_GPIO_WritePin
 .text.HAL_GPIO_TogglePin
                0x0800155a       0x36 cmake/stm32cubemx/CMakeFiles/STM32_Drivers.dir/__/__/Drivers/STM32F0xx_HAL_Driver/Src/stm32f0xx_hal_gpio.c.obj
                0x0800155a                HAL_GPIO_TogglePin
 .text.HAL_DMA_Init
                0x08001590       0x90 cmake/stm32cubemx/CMakeFiles/STM32_Drivers.dir/__/__/Drivers/STM32F0xx_HAL_Driver/Src/stm32f0xx_hal_dma.c.obj
                0x08001590                HAL_DMA_Init
 .text.HAL_DMA_Start_IT
                0x08001620       0xcc cmake/stm32cubemx/CMakeFiles/STM32_Drivers.dir/__/__/Drivers/STM32F0xx_HAL_Driver/Src/stm32f0xx_hal_dma.c.obj
                0x08001620                HAL_DMA_Start_IT
 .text.HAL_DMA_Abort
                0x080016ec       0x70 cmake/stm32cubemx/CMakeFiles/STM32_Drivers.dir/__/__/Drivers/STM32F0xx_HAL_Driver/Src/stm32f0xx_hal_dma.c.obj
                0x080016ec                HAL_DMA_Abort
 .text.HAL_DMA_Abort_IT
                0x0800175c       0x8a cmake/stm32cubemx/CMakeFiles/STM32_Drivers.dir/__/__/Drivers/STM32F0xx_HAL_Driver/Src/stm32f0xx_hal_dma.c.obj
                0x0800175c                HAL_DMA_Abort_IT
 .text.HAL_DMA_IRQHandler
                0x080017e6      0x144 cmake/stm32cubemx/CMakeFiles/STM32_Drivers.dir/__/__/Drivers/STM32F0xx_HAL_Driver/Src/stm32f0xx_hal_dma.c.obj
                0x080017e6                HAL_DMA_IRQHandler
 .text.DMA_SetConfig
                0x0800192a       0x58 cmake/stm32cubemx/CMakeFiles/STM32_Drivers.dir/__/__/Drivers/STM32F0xx_HAL_Driver/Src/stm32f0xx_hal_dma.c.obj
 *fill*         0x08001982        0x2 
 .text.DMA_CalcBaseAndBitshift
                0x08001984       0x38 cmake/stm32cubemx/CMakeFiles/STM32_Drivers.dir/__/__/Drivers/STM32F0xx_HAL_Driver/Src/stm32f0xx_hal_dma.c.obj
 .text.__NVIC_EnableIRQ
                0x080019bc       0x34 cmake/stm32cubemx/CMakeFiles/STM32_Drivers.dir/__/__/Drivers/STM32F0xx_HAL_Driver/Src/stm32f0xx_hal_cortex.c.obj
 .text.__NVIC_SetPriority
                0x080019f0       0xdc cmake/stm32cubemx/CMakeFiles/STM32_Drivers.dir/__/__/Drivers/STM32F0xx_HAL_Driver/Src/stm32f0xx_hal_cortex.c.obj
 .text.HAL_NVIC_SetPriority
                0x08001acc       0x2a cmake/stm32cubemx/CMakeFiles/STM32_Drivers.dir/__/__/Drivers/STM32F0xx_HAL_Driver/Src/stm32f0xx_hal_cortex.c.obj
                0x08001acc                HAL_NVIC_SetPriority
 .text.HAL_NVIC_EnableIRQ
                0x08001af6       0x20 cmake/stm32cubemx/CMakeFiles/STM32_Drivers.dir/__/__/Drivers/STM32F0xx_HAL_Driver/Src/stm32f0xx_hal_cortex.c.obj
                0x08001af6                HAL_NVIC_EnableIRQ
 *fill*         0x08001b16        0x2 
 .text.HAL_UART_Init
                0x08001b18       0xa8 cmake/stm32cubemx/CMakeFiles/STM32_Drivers.dir/__/__/Drivers/STM32F0xx_HAL_Driver/Src/stm32f0xx_hal_uart.c.obj
                0x08001b18                HAL_UART_Init
 .text.HAL_UART_Receive_DMA
                0x08001bc0       0xae cmake/stm32cubemx/CMakeFiles/STM32_Drivers.dir/__/__/Drivers/STM32F0xx_HAL_Driver/Src/stm32f0xx_hal_uart.c.obj
                0x08001bc0                HAL_UART_Receive_DMA
 *fill*         0x08001c6e        0x2 
 .text.HAL_UART_IRQHandler
                0x08001c70      0x590 cmake/stm32cubemx/CMakeFiles/STM32_Drivers.dir/__/__/Drivers/STM32F0xx_HAL_Driver/Src/stm32f0xx_hal_uart.c.obj
                0x08001c70                HAL_UART_IRQHandler
 .text.HAL_UART_TxCpltCallback
                0x08002200       0x10 cmake/stm32cubemx/CMakeFiles/STM32_Drivers.dir/__/__/Drivers/STM32F0xx_HAL_Driver/Src/stm32f0xx_hal_uart.c.obj
                0x08002200                HAL_UART_TxCpltCallback
 .text.HAL_UART_RxCpltCallback
                0x08002210       0x10 cmake/stm32cubemx/CMakeFiles/STM32_Drivers.dir/__/__/Drivers/STM32F0xx_HAL_Driver/Src/stm32f0xx_hal_uart.c.obj
                0x08002210                HAL_UART_RxCpltCallback
 .text.HAL_UART_RxHalfCpltCallback
                0x08002220       0x10 cmake/stm32cubemx/CMakeFiles/STM32_Drivers.dir/__/__/Drivers/STM32F0xx_HAL_Driver/Src/stm32f0xx_hal_uart.c.obj
                0x08002220                HAL_UART_RxHalfCpltCallback
 .text.HAL_UART_ErrorCallback
                0x08002230       0x10 cmake/stm32cubemx/CMakeFiles/STM32_Drivers.dir/__/__/Drivers/STM32F0xx_HAL_Driver/Src/stm32f0xx_hal_uart.c.obj
                0x08002230                HAL_UART_ErrorCallback
 .text.HAL_UARTEx_RxEventCallback
                0x08002240       0x16 cmake/stm32cubemx/CMakeFiles/STM32_Drivers.dir/__/__/Drivers/STM32F0xx_HAL_Driver/Src/stm32f0xx_hal_uart.c.obj
                0x08002240                HAL_UARTEx_RxEventCallback
 *fill*         0x08002256        0x2 
 .text.UART_SetConfig
                0x08002258      0x2b0 cmake/stm32cubemx/CMakeFiles/STM32_Drivers.dir/__/__/Drivers/STM32F0xx_HAL_Driver/Src/stm32f0xx_hal_uart.c.obj
                0x08002258                UART_SetConfig
 .text.UART_AdvFeatureConfig
                0x08002508      0x168 cmake/stm32cubemx/CMakeFiles/STM32_Drivers.dir/__/__/Drivers/STM32F0xx_HAL_Driver/Src/stm32f0xx_hal_uart.c.obj
                0x08002508                UART_AdvFeatureConfig
 .text.UART_CheckIdleState
                0x08002670      0x150 cmake/stm32cubemx/CMakeFiles/STM32_Drivers.dir/__/__/Drivers/STM32F0xx_HAL_Driver/Src/stm32f0xx_hal_uart.c.obj
                0x08002670                UART_CheckIdleState
 .text.UART_WaitOnFlagUntilTimeout
                0x080027c0       0xde cmake/stm32cubemx/CMakeFiles/STM32_Drivers.dir/__/__/Drivers/STM32F0xx_HAL_Driver/Src/stm32f0xx_hal_uart.c.obj
                0x080027c0                UART_WaitOnFlagUntilTimeout
 *fill*         0x0800289e        0x2 
 .text.UART_Start_Receive_DMA
                0x080028a0      0x140 cmake/stm32cubemx/CMakeFiles/STM32_Drivers.dir/__/__/Drivers/STM32F0xx_HAL_Driver/Src/stm32f0xx_hal_uart.c.obj
                0x080028a0                UART_Start_Receive_DMA
 .text.UART_EndTxTransfer
                0x080029e0       0x48 cmake/stm32cubemx/CMakeFiles/STM32_Drivers.dir/__/__/Drivers/STM32F0xx_HAL_Driver/Src/stm32f0xx_hal_uart.c.obj
 .text.UART_EndRxTransfer
                0x08002a28       0xc8 cmake/stm32cubemx/CMakeFiles/STM32_Drivers.dir/__/__/Drivers/STM32F0xx_HAL_Driver/Src/stm32f0xx_hal_uart.c.obj
 .text.UART_DMAReceiveCplt
                0x08002af0      0x12c cmake/stm32cubemx/CMakeFiles/STM32_Drivers.dir/__/__/Drivers/STM32F0xx_HAL_Driver/Src/stm32f0xx_hal_uart.c.obj
 .text.UART_DMARxHalfCplt
                0x08002c1c       0x42 cmake/stm32cubemx/CMakeFiles/STM32_Drivers.dir/__/__/Drivers/STM32F0xx_HAL_Driver/Src/stm32f0xx_hal_uart.c.obj
 .text.UART_DMAError
                0x08002c5e       0x84 cmake/stm32cubemx/CMakeFiles/STM32_Drivers.dir/__/__/Drivers/STM32F0xx_HAL_Driver/Src/stm32f0xx_hal_uart.c.obj
 .text.UART_DMAAbortOnError
                0x08002ce2       0x2e cmake/stm32cubemx/CMakeFiles/STM32_Drivers.dir/__/__/Drivers/STM32F0xx_HAL_Driver/Src/stm32f0xx_hal_uart.c.obj
 .text.UART_EndTransmit_IT
                0x08002d10       0x56 cmake/stm32cubemx/CMakeFiles/STM32_Drivers.dir/__/__/Drivers/STM32F0xx_HAL_Driver/Src/stm32f0xx_hal_uart.c.obj
 .text.vListInitialise
                0x08002d66       0x3c cmake/stm32cubemx/CMakeFiles/FreeRTOS.dir/__/__/Middlewares/Third_Party/FreeRTOS/Source/list.c.obj
                0x08002d66                vListInitialise
 .text.vListInitialiseItem
                0x08002da2       0x16 cmake/stm32cubemx/CMakeFiles/FreeRTOS.dir/__/__/Middlewares/Third_Party/FreeRTOS/Source/list.c.obj
                0x08002da2                vListInitialiseItem
 .text.vListInsertEnd
                0x08002db8       0x44 cmake/stm32cubemx/CMakeFiles/FreeRTOS.dir/__/__/Middlewares/Third_Party/FreeRTOS/Source/list.c.obj
                0x08002db8                vListInsertEnd
 .text.vListInsert
                0x08002dfc       0x6c cmake/stm32cubemx/CMakeFiles/FreeRTOS.dir/__/__/Middlewares/Third_Party/FreeRTOS/Source/list.c.obj
                0x08002dfc                vListInsert
 .text.uxListRemove
                0x08002e68       0x50 cmake/stm32cubemx/CMakeFiles/FreeRTOS.dir/__/__/Middlewares/Third_Party/FreeRTOS/Source/list.c.obj
                0x08002e68                uxListRemove
 .text.xQueueGenericReset
                0x08002eb8       0xaa cmake/stm32cubemx/CMakeFiles/FreeRTOS.dir/__/__/Middlewares/Third_Party/FreeRTOS/Source/queue.c.obj
                0x08002eb8                xQueueGenericReset
 .text.xQueueGenericCreateStatic
                0x08002f62       0xa0 cmake/stm32cubemx/CMakeFiles/FreeRTOS.dir/__/__/Middlewares/Third_Party/FreeRTOS/Source/queue.c.obj
                0x08002f62                xQueueGenericCreateStatic
 .text.prvInitialiseNewQueue
                0x08003002       0x4e cmake/stm32cubemx/CMakeFiles/FreeRTOS.dir/__/__/Middlewares/Third_Party/FreeRTOS/Source/queue.c.obj
 .text.xQueueGenericSend
                0x08003050      0x190 cmake/stm32cubemx/CMakeFiles/FreeRTOS.dir/__/__/Middlewares/Third_Party/FreeRTOS/Source/queue.c.obj
                0x08003050                xQueueGenericSend
 .text.xQueueGenericSendFromISR
                0x080031e0       0xe8 cmake/stm32cubemx/CMakeFiles/FreeRTOS.dir/__/__/Middlewares/Third_Party/FreeRTOS/Source/queue.c.obj
                0x080031e0                xQueueGenericSendFromISR
 .text.xQueueReceive
                0x080032c8      0x170 cmake/stm32cubemx/CMakeFiles/FreeRTOS.dir/__/__/Middlewares/Third_Party/FreeRTOS/Source/queue.c.obj
                0x080032c8                xQueueReceive
 .text.prvCopyDataToQueue
                0x08003438       0xd6 cmake/stm32cubemx/CMakeFiles/FreeRTOS.dir/__/__/Middlewares/Third_Party/FreeRTOS/Source/queue.c.obj
 .text.prvCopyDataFromQueue
                0x0800350e       0x4c cmake/stm32cubemx/CMakeFiles/FreeRTOS.dir/__/__/Middlewares/Third_Party/FreeRTOS/Source/queue.c.obj
 .text.prvUnlockQueue
                0x0800355a       0xbc cmake/stm32cubemx/CMakeFiles/FreeRTOS.dir/__/__/Middlewares/Third_Party/FreeRTOS/Source/queue.c.obj
 .text.prvIsQueueEmpty
                0x08003616       0x2c cmake/stm32cubemx/CMakeFiles/FreeRTOS.dir/__/__/Middlewares/Third_Party/FreeRTOS/Source/queue.c.obj
 .text.prvIsQueueFull
                0x08003642       0x30 cmake/stm32cubemx/CMakeFiles/FreeRTOS.dir/__/__/Middlewares/Third_Party/FreeRTOS/Source/queue.c.obj
 *fill*         0x08003672        0x2 
 .text.vQueueAddToRegistry
                0x08003674       0x50 cmake/stm32cubemx/CMakeFiles/FreeRTOS.dir/__/__/Middlewares/Third_Party/FreeRTOS/Source/queue.c.obj
                0x08003674                vQueueAddToRegistry
 .text.vQueueWaitForMessageRestricted
                0x080036c4       0x66 cmake/stm32cubemx/CMakeFiles/FreeRTOS.dir/__/__/Middlewares/Third_Party/FreeRTOS/Source/queue.c.obj
                0x080036c4                vQueueWaitForMessageRestricted
 .text.xTaskCreateStatic
                0x0800372a       0x8c cmake/stm32cubemx/CMakeFiles/FreeRTOS.dir/__/__/Middlewares/Third_Party/FreeRTOS/Source/tasks.c.obj
                0x0800372a                xTaskCreateStatic
 .text.xTaskCreate
                0x080037b6       0x98 cmake/stm32cubemx/CMakeFiles/FreeRTOS.dir/__/__/Middlewares/Third_Party/FreeRTOS/Source/tasks.c.obj
                0x080037b6                xTaskCreate
 *fill*         0x0800384e        0x2 
 .text.prvInitialiseNewTask
                0x08003850      0x104 cmake/stm32cubemx/CMakeFiles/FreeRTOS.dir/__/__/Middlewares/Third_Party/FreeRTOS/Source/tasks.c.obj
 .text.prvAddNewTaskToReadyList
                0x08003954       0xd0 cmake/stm32cubemx/CMakeFiles/FreeRTOS.dir/__/__/Middlewares/Third_Party/FreeRTOS/Source/tasks.c.obj
 .text.vTaskDelete
                0x08003a24       0xcc cmake/stm32cubemx/CMakeFiles/FreeRTOS.dir/__/__/Middlewares/Third_Party/FreeRTOS/Source/tasks.c.obj
                0x08003a24                vTaskDelete
 .text.vTaskDelay
                0x08003af0       0x4c cmake/stm32cubemx/CMakeFiles/FreeRTOS.dir/__/__/Middlewares/Third_Party/FreeRTOS/Source/tasks.c.obj
                0x08003af0                vTaskDelay
 .text.vTaskStartScheduler
                0x08003b3c       0xac cmake/stm32cubemx/CMakeFiles/FreeRTOS.dir/__/__/Middlewares/Third_Party/FreeRTOS/Source/tasks.c.obj
                0x08003b3c                vTaskStartScheduler
 .text.vTaskSuspendAll
                0x08003be8       0x18 cmake/stm32cubemx/CMakeFiles/FreeRTOS.dir/__/__/Middlewares/Third_Party/FreeRTOS/Source/tasks.c.obj
                0x08003be8                vTaskSuspendAll
 .text.xTaskResumeAll
                0x08003c00      0x118 cmake/stm32cubemx/CMakeFiles/FreeRTOS.dir/__/__/Middlewares/Third_Party/FreeRTOS/Source/tasks.c.obj
                0x08003c00                xTaskResumeAll
 .text.xTaskGetTickCount
                0x08003d18       0x1c cmake/stm32cubemx/CMakeFiles/FreeRTOS.dir/__/__/Middlewares/Third_Party/FreeRTOS/Source/tasks.c.obj
                0x08003d18                xTaskGetTickCount
 .text.xTaskIncrementTick
                0x08003d34      0x16c cmake/stm32cubemx/CMakeFiles/FreeRTOS.dir/__/__/Middlewares/Third_Party/FreeRTOS/Source/tasks.c.obj
                0x08003d34                xTaskIncrementTick
 .text.vTaskSwitchContext
                0x08003ea0       0xf4 cmake/stm32cubemx/CMakeFiles/FreeRTOS.dir/__/__/Middlewares/Third_Party/FreeRTOS/Source/tasks.c.obj
                0x08003ea0                vTaskSwitchContext
 .text.vTaskPlaceOnEventList
                0x08003f94       0x40 cmake/stm32cubemx/CMakeFiles/FreeRTOS.dir/__/__/Middlewares/Third_Party/FreeRTOS/Source/tasks.c.obj
                0x08003f94                vTaskPlaceOnEventList
 .text.vTaskPlaceOnEventListRestricted
                0x08003fd4       0x50 cmake/stm32cubemx/CMakeFiles/FreeRTOS.dir/__/__/Middlewares/Third_Party/FreeRTOS/Source/tasks.c.obj
                0x08003fd4                vTaskPlaceOnEventListRestricted
 .text.xTaskRemoveFromEventList
                0x08004024       0xbc cmake/stm32cubemx/CMakeFiles/FreeRTOS.dir/__/__/Middlewares/Third_Party/FreeRTOS/Source/tasks.c.obj
                0x08004024                xTaskRemoveFromEventList
 .text.vTaskInternalSetTimeOutState
                0x080040e0       0x28 cmake/stm32cubemx/CMakeFiles/FreeRTOS.dir/__/__/Middlewares/Third_Party/FreeRTOS/Source/tasks.c.obj
                0x080040e0                vTaskInternalSetTimeOutState
 .text.xTaskCheckForTimeOut
                0x08004108       0xa4 cmake/stm32cubemx/CMakeFiles/FreeRTOS.dir/__/__/Middlewares/Third_Party/FreeRTOS/Source/tasks.c.obj
                0x08004108                xTaskCheckForTimeOut
 .text.vTaskMissedYield
                0x080041ac       0x14 cmake/stm32cubemx/CMakeFiles/FreeRTOS.dir/__/__/Middlewares/Third_Party/FreeRTOS/Source/tasks.c.obj
                0x080041ac                vTaskMissedYield
 .text.prvIdleTask
                0x080041c0       0x20 cmake/stm32cubemx/CMakeFiles/FreeRTOS.dir/__/__/Middlewares/Third_Party/FreeRTOS/Source/tasks.c.obj
 .text.prvInitialiseTaskLists
                0x080041e0       0x88 cmake/stm32cubemx/CMakeFiles/FreeRTOS.dir/__/__/Middlewares/Third_Party/FreeRTOS/Source/tasks.c.obj
 .text.prvCheckTasksWaitingTermination
                0x08004268       0x5c cmake/stm32cubemx/CMakeFiles/FreeRTOS.dir/__/__/Middlewares/Third_Party/FreeRTOS/Source/tasks.c.obj
 .text.prvDeleteTCB
                0x080042c4       0x52 cmake/stm32cubemx/CMakeFiles/FreeRTOS.dir/__/__/Middlewares/Third_Party/FreeRTOS/Source/tasks.c.obj
 *fill*         0x08004316        0x2 
 .text.prvResetNextTaskUnblockTime
                0x08004318       0x48 cmake/stm32cubemx/CMakeFiles/FreeRTOS.dir/__/__/Middlewares/Third_Party/FreeRTOS/Source/tasks.c.obj
 .text.xTaskGetSchedulerState
                0x08004360       0x38 cmake/stm32cubemx/CMakeFiles/FreeRTOS.dir/__/__/Middlewares/Third_Party/FreeRTOS/Source/tasks.c.obj
                0x08004360                xTaskGetSchedulerState
 .text.xTaskPriorityDisinherit
                0x08004398       0xbc cmake/stm32cubemx/CMakeFiles/FreeRTOS.dir/__/__/Middlewares/Third_Party/FreeRTOS/Source/tasks.c.obj
                0x08004398                xTaskPriorityDisinherit
 .text.prvAddCurrentTaskToDelayedList
                0x08004454       0xa8 cmake/stm32cubemx/CMakeFiles/FreeRTOS.dir/__/__/Middlewares/Third_Party/FreeRTOS/Source/tasks.c.obj
 .text.xTimerCreateTimerTask
                0x080044fc       0x80 cmake/stm32cubemx/CMakeFiles/FreeRTOS.dir/__/__/Middlewares/Third_Party/FreeRTOS/Source/timers.c.obj
                0x080044fc                xTimerCreateTimerTask
 .text.xTimerGenericCommand
                0x0800457c       0x98 cmake/stm32cubemx/CMakeFiles/FreeRTOS.dir/__/__/Middlewares/Third_Party/FreeRTOS/Source/timers.c.obj
                0x0800457c                xTimerGenericCommand
 .text.prvProcessExpiredTimer
                0x08004614       0x74 cmake/stm32cubemx/CMakeFiles/FreeRTOS.dir/__/__/Middlewares/Third_Party/FreeRTOS/Source/timers.c.obj
 .text.prvTimerTask
                0x08004688       0x2a cmake/stm32cubemx/CMakeFiles/FreeRTOS.dir/__/__/Middlewares/Third_Party/FreeRTOS/Source/timers.c.obj
 *fill*         0x080046b2        0x2 
 .text.prvProcessTimerOrBlockTask
                0x080046b4       0x8c cmake/stm32cubemx/CMakeFiles/FreeRTOS.dir/__/__/Middlewares/Third_Party/FreeRTOS/Source/timers.c.obj
 .text.prvGetNextExpireTime
                0x08004740       0x40 cmake/stm32cubemx/CMakeFiles/FreeRTOS.dir/__/__/Middlewares/Third_Party/FreeRTOS/Source/timers.c.obj
 .text.prvSampleTimeNow
                0x08004780       0x40 cmake/stm32cubemx/CMakeFiles/FreeRTOS.dir/__/__/Middlewares/Third_Party/FreeRTOS/Source/timers.c.obj
 .text.prvInsertTimerInActiveList
                0x080047c0       0x84 cmake/stm32cubemx/CMakeFiles/FreeRTOS.dir/__/__/Middlewares/Third_Party/FreeRTOS/Source/timers.c.obj
 .text.prvProcessReceivedCommands
                0x08004844      0x168 cmake/stm32cubemx/CMakeFiles/FreeRTOS.dir/__/__/Middlewares/Third_Party/FreeRTOS/Source/timers.c.obj
 .text.prvSwitchTimerLists
                0x080049ac       0xb8 cmake/stm32cubemx/CMakeFiles/FreeRTOS.dir/__/__/Middlewares/Third_Party/FreeRTOS/Source/timers.c.obj
 .text.prvCheckForValidListAndQueue
                0x08004a64       0x84 cmake/stm32cubemx/CMakeFiles/FreeRTOS.dir/__/__/Middlewares/Third_Party/FreeRTOS/Source/timers.c.obj
 .text.osKernelInitialize
                0x08004ae8       0x58 cmake/stm32cubemx/CMakeFiles/FreeRTOS.dir/__/__/Middlewares/Third_Party/FreeRTOS/Source/CMSIS_RTOS_V2/cmsis_os2.c.obj
                0x08004ae8                osKernelInitialize
 .text.osKernelStart
                0x08004b40       0x5c cmake/stm32cubemx/CMakeFiles/FreeRTOS.dir/__/__/Middlewares/Third_Party/FreeRTOS/Source/CMSIS_RTOS_V2/cmsis_os2.c.obj
                0x08004b40                osKernelStart
 .text.osThreadNew
                0x08004b9c      0x150 cmake/stm32cubemx/CMakeFiles/FreeRTOS.dir/__/__/Middlewares/Third_Party/FreeRTOS/Source/CMSIS_RTOS_V2/cmsis_os2.c.obj
                0x08004b9c                osThreadNew
 .text.osDelay  0x08004cec       0x50 cmake/stm32cubemx/CMakeFiles/FreeRTOS.dir/__/__/Middlewares/Third_Party/FreeRTOS/Source/CMSIS_RTOS_V2/cmsis_os2.c.obj
                0x08004cec                osDelay
 .text.vApplicationGetIdleTaskMemory
                0x08004d3c       0x30 cmake/stm32cubemx/CMakeFiles/FreeRTOS.dir/__/__/Middlewares/Third_Party/FreeRTOS/Source/CMSIS_RTOS_V2/cmsis_os2.c.obj
                0x08004d3c                vApplicationGetIdleTaskMemory
 .text.vApplicationGetTimerTaskMemory
                0x08004d6c       0x30 cmake/stm32cubemx/CMakeFiles/FreeRTOS.dir/__/__/Middlewares/Third_Party/FreeRTOS/Source/CMSIS_RTOS_V2/cmsis_os2.c.obj
                0x08004d6c                vApplicationGetTimerTaskMemory
 .text.pvPortMalloc
                0x08004d9c      0x150 cmake/stm32cubemx/CMakeFiles/FreeRTOS.dir/__/__/Middlewares/Third_Party/FreeRTOS/Source/portable/MemMang/heap_4.c.obj
                0x08004d9c                pvPortMalloc
 .text.vPortFree
                0x08004eec       0x94 cmake/stm32cubemx/CMakeFiles/FreeRTOS.dir/__/__/Middlewares/Third_Party/FreeRTOS/Source/portable/MemMang/heap_4.c.obj
                0x08004eec                vPortFree
 .text.prvHeapInit
                0x08004f80       0xc0 cmake/stm32cubemx/CMakeFiles/FreeRTOS.dir/__/__/Middlewares/Third_Party/FreeRTOS/Source/portable/MemMang/heap_4.c.obj
 .text.prvInsertBlockIntoFreeList
                0x08005040       0xb0 cmake/stm32cubemx/CMakeFiles/FreeRTOS.dir/__/__/Middlewares/Third_Party/FreeRTOS/Source/portable/MemMang/heap_4.c.obj
 .text.pxPortInitialiseStack
                0x080050f0       0x54 cmake/stm32cubemx/CMakeFiles/FreeRTOS.dir/__/__/Middlewares/Third_Party/FreeRTOS/Source/portable/GCC/ARM_CM0/port.c.obj
                0x080050f0                pxPortInitialiseStack
 .text.prvTaskExitError
                0x08005144       0x30 cmake/stm32cubemx/CMakeFiles/FreeRTOS.dir/__/__/Middlewares/Third_Party/FreeRTOS/Source/portable/GCC/ARM_CM0/port.c.obj
 .text.SVC_Handler
                0x08005174        0xa cmake/stm32cubemx/CMakeFiles/FreeRTOS.dir/__/__/Middlewares/Third_Party/FreeRTOS/Source/portable/GCC/ARM_CM0/port.c.obj
                0x08005174                SVC_Handler
 *fill*         0x0800517e        0x2 
 .text.vPortStartFirstTask
                0x08005180       0x38 cmake/stm32cubemx/CMakeFiles/FreeRTOS.dir/__/__/Middlewares/Third_Party/FreeRTOS/Source/portable/GCC/ARM_CM0/port.c.obj
 .text.xPortStartScheduler
                0x080051b8       0x48 cmake/stm32cubemx/CMakeFiles/FreeRTOS.dir/__/__/Middlewares/Third_Party/FreeRTOS/Source/portable/GCC/ARM_CM0/port.c.obj
                0x080051b8                xPortStartScheduler
 .text.vPortYield
                0x08005200       0x20 cmake/stm32cubemx/CMakeFiles/FreeRTOS.dir/__/__/Middlewares/Third_Party/FreeRTOS/Source/portable/GCC/ARM_CM0/port.c.obj
                0x08005200                vPortYield
 .text.vPortEnterCritical
                0x08005220       0x24 cmake/stm32cubemx/CMakeFiles/FreeRTOS.dir/__/__/Middlewares/Third_Party/FreeRTOS/Source/portable/GCC/ARM_CM0/port.c.obj
                0x08005220                vPortEnterCritical
 .text.vPortExitCritical
                0x08005244       0x30 cmake/stm32cubemx/CMakeFiles/FreeRTOS.dir/__/__/Middlewares/Third_Party/FreeRTOS/Source/portable/GCC/ARM_CM0/port.c.obj
                0x08005244                vPortExitCritical
 .text.ulSetInterruptMaskFromISR
                0x08005274        0xc cmake/stm32cubemx/CMakeFiles/FreeRTOS.dir/__/__/Middlewares/Third_Party/FreeRTOS/Source/portable/GCC/ARM_CM0/port.c.obj
                0x08005274                ulSetInterruptMaskFromISR
 .text.vClearInterruptMaskFromISR
                0x08005280        0x8 cmake/stm32cubemx/CMakeFiles/FreeRTOS.dir/__/__/Middlewares/Third_Party/FreeRTOS/Source/portable/GCC/ARM_CM0/port.c.obj
                0x08005280                vClearInterruptMaskFromISR
 *fill*         0x08005288        0x8 
 .text.PendSV_Handler
                0x08005290       0x48 cmake/stm32cubemx/CMakeFiles/FreeRTOS.dir/__/__/Middlewares/Third_Party/FreeRTOS/Source/portable/GCC/ARM_CM0/port.c.obj
                0x08005290                PendSV_Handler
 .text.SysTick_Handler
                0x080052d8       0x34 cmake/stm32cubemx/CMakeFiles/FreeRTOS.dir/__/__/Middlewares/Third_Party/FreeRTOS/Source/portable/GCC/ARM_CM0/port.c.obj
                0x080052d8                SysTick_Handler
 .text.prvSetupTimerInterrupt
                0x0800530c       0x44 cmake/stm32cubemx/CMakeFiles/FreeRTOS.dir/__/__/Middlewares/Third_Party/FreeRTOS/Source/portable/GCC/ARM_CM0/port.c.obj
 .text.main     0x08005350       0x48 CMakeFiles/TripComputer.dir/Core/Src/main.c.obj
                0x08005350                main
 .text.SystemClock_Config
                0x08005398       0xae CMakeFiles/TripComputer.dir/Core/Src/main.c.obj
                0x08005398                SystemClock_Config
 *fill*         0x08005446        0x2 
 .text.MX_USART1_UART_Init
                0x08005448       0x60 CMakeFiles/TripComputer.dir/Core/Src/main.c.obj
 .text.MX_DMA_Init
                0x080054a8       0x3c CMakeFiles/TripComputer.dir/Core/Src/main.c.obj
 .text.MX_GPIO_Init
                0x080054e4       0x70 CMakeFiles/TripComputer.dir/Core/Src/main.c.obj
 .text.StartDefaultTask
                0x08005554       0x10 CMakeFiles/TripComputer.dir/Core/Src/main.c.obj
                0x08005554                StartDefaultTask
 .text.HAL_TIM_PeriodElapsedCallback
                0x08005564       0x24 CMakeFiles/TripComputer.dir/Core/Src/main.c.obj
                0x08005564                HAL_TIM_PeriodElapsedCallback
 .text.Error_Handler
                0x08005588        0xc CMakeFiles/TripComputer.dir/Core/Src/main.c.obj
                0x08005588                Error_Handler
 .text.vApplicationStackOverflowHook
                0x08005594       0x12 CMakeFiles/TripComputer.dir/Core/Src/freertos.c.obj
                0x08005594                vApplicationStackOverflowHook
 .text.NMI_Handler
                0x080055a6        0x8 CMakeFiles/TripComputer.dir/Core/Src/stm32f0xx_it.c.obj
                0x080055a6                NMI_Handler
 .text.HardFault_Handler
                0x080055ae        0x8 CMakeFiles/TripComputer.dir/Core/Src/stm32f0xx_it.c.obj
                0x080055ae                HardFault_Handler
 *fill*         0x080055b6        0x2 
 .text.DMA1_Channel2_3_IRQHandler
                0x080055b8       0x18 CMakeFiles/TripComputer.dir/Core/Src/stm32f0xx_it.c.obj
                0x080055b8                DMA1_Channel2_3_IRQHandler
 .text.TIM1_BRK_UP_TRG_COM_IRQHandler
                0x080055d0       0x18 CMakeFiles/TripComputer.dir/Core/Src/stm32f0xx_it.c.obj
                0x080055d0                TIM1_BRK_UP_TRG_COM_IRQHandler
 .text.USART1_IRQHandler
                0x080055e8       0x2c CMakeFiles/TripComputer.dir/Core/Src/stm32f0xx_it.c.obj
                0x080055e8                USART1_IRQHandler
 .text.HAL_MspInit
                0x08005614       0x54 CMakeFiles/TripComputer.dir/Core/Src/stm32f0xx_hal_msp.c.obj
                0x08005614                HAL_MspInit
 .text.HAL_UART_MspInit
                0x08005668      0x100 CMakeFiles/TripComputer.dir/Core/Src/stm32f0xx_hal_msp.c.obj
                0x08005668                HAL_UART_MspInit
 .text.HAL_InitTick
                0x08005768      0x10c CMakeFiles/TripComputer.dir/Core/Src/stm32f0xx_hal_timebase_tim.c.obj
                0x08005768                HAL_InitTick
 .text.Reset_Handler
                0x08005874       0x50 CMakeFiles/TripComputer.dir/startup_stm32f070xb.s.obj
                0x08005874                Reset_Handler
 .text.Default_Handler
                0x080058c4        0x2 CMakeFiles/TripComputer.dir/startup_stm32f070xb.s.obj
                0x080058c4                TIM1_CC_IRQHandler
                0x080058c4                TIM6_IRQHandler
                0x080058c4                I2C1_IRQHandler
                0x080058c4                SPI1_IRQHandler
                0x080058c4                USART3_4_IRQHandler
                0x080058c4                EXTI2_3_IRQHandler
                0x080058c4                ADC1_IRQHandler
                0x080058c4                I2C2_IRQHandler
                0x080058c4                TIM17_IRQHandler
                0x080058c4                RTC_IRQHandler
                0x080058c4                TIM16_IRQHandler
                0x080058c4                TIM3_IRQHandler
                0x080058c4                EXTI4_15_IRQHandler
                0x080058c4                RCC_IRQHandler
                0x080058c4                DMA1_Channel1_IRQHandler
                0x080058c4                Default_Handler
                0x080058c4                TIM14_IRQHandler
                0x080058c4                DMA1_Channel4_5_IRQHandler
                0x080058c4                TIM7_IRQHandler
                0x080058c4                TIM15_IRQHandler
                0x080058c4                EXTI0_1_IRQHandler
                0x080058c4                USB_IRQHandler
                0x080058c4                SPI2_IRQHandler
                0x080058c4                WWDG_IRQHandler
                0x080058c4                USART2_IRQHandler
                0x080058c4                FLASH_IRQHandler
 *fill*         0x080058c6        0x2 
 .text._ZN4IGpsD2Ev
                0x080058c8       0x1c CMakeFiles/TripComputer.dir/Core/Src/App.cpp.obj
                0x080058c8                IGps::~IGps()
                0x080058c8                IGps::~IGps()
 .text._ZN4IGpsD0Ev
                0x080058e4       0x24 CMakeFiles/TripComputer.dir/Core/Src/App.cpp.obj
                0x080058e4                IGps::~IGps()
 .text.App_Main
                0x08005908       0x58 CMakeFiles/TripComputer.dir/Core/Src/App.cpp.obj
                0x08005908                App_Main
 .text._ZN5Neo6MD2Ev
                0x08005960       0x24 CMakeFiles/TripComputer.dir/Core/Src/App.cpp.obj
                0x08005960                Neo6M::~Neo6M()
                0x08005960                Neo6M::~Neo6M()
 .text._ZN5Neo6MD0Ev
                0x08005984       0x24 CMakeFiles/TripComputer.dir/Core/Src/App.cpp.obj
                0x08005984                Neo6M::~Neo6M()
 .text._ZN7GpsTaskD2Ev
                0x080059a8       0x24 CMakeFiles/TripComputer.dir/Core/Src/App.cpp.obj
                0x080059a8                GpsTask::~GpsTask()
                0x080059a8                GpsTask::~GpsTask()
 .text._ZN7GpsTaskD0Ev
                0x080059cc       0x24 CMakeFiles/TripComputer.dir/Core/Src/App.cpp.obj
                0x080059cc                GpsTask::~GpsTask()
 .text._ZN10SystemTaskD2Ev
                0x080059f0       0x24 CMakeFiles/TripComputer.dir/Core/Src/App.cpp.obj
                0x080059f0                SystemTask::~SystemTask()
                0x080059f0                SystemTask::~SystemTask()
 .text._ZN10SystemTaskD0Ev
                0x08005a14       0x24 CMakeFiles/TripComputer.dir/Core/Src/App.cpp.obj
                0x08005a14                SystemTask::~SystemTask()
 .text._Z41__static_initialization_and_destruction_0v
                0x08005a38       0x68 CMakeFiles/TripComputer.dir/Core/Src/App.cpp.obj
 .text._GLOBAL__sub_I_App_Main
                0x08005aa0        0xc CMakeFiles/TripComputer.dir/Core/Src/App.cpp.obj
 .text.BSP_LED_Toggle
                0x08005aac       0x28 CMakeFiles/TripComputer.dir/Drivers/BSP/Src/bsp_board.c.obj
                0x08005aac                BSP_LED_Toggle
 .text.bsp_gps_dma_init
                0x08005ad4       0x30 CMakeFiles/TripComputer.dir/Drivers/BSP/Src/bsp_gps.c.obj
                0x08005ad4                bsp_gps_dma_init
 .text.bsp_gps_read_data
                0x08005b04       0x94 CMakeFiles/TripComputer.dir/Drivers/BSP/Src/bsp_gps.c.obj
                0x08005b04                bsp_gps_read_data
 .text._ZN10SystemTaskC2Ev
                0x08005b98       0x2c CMakeFiles/TripComputer.dir/Middlewares/Wrapper/Src/SystemTask.cpp.obj
                0x08005b98                SystemTask::SystemTask()
                0x08005b98                SystemTask::SystemTask()
 .text._ZN10SystemTask3runEv
                0x08005bc4       0x20 CMakeFiles/TripComputer.dir/Middlewares/Wrapper/Src/SystemTask.cpp.obj
                0x08005bc4                SystemTask::run()
 .text._ZN6ThreadC2EPKctm
                0x08005be4       0x40 CMakeFiles/TripComputer.dir/Middlewares/Wrapper/Src/Thread.cpp.obj
                0x08005be4                Thread::Thread(char const*, unsigned short, unsigned long)
                0x08005be4                Thread::Thread(char const*, unsigned short, unsigned long)
 .text._ZN6ThreadD2Ev
                0x08005c24       0x1c CMakeFiles/TripComputer.dir/Middlewares/Wrapper/Src/Thread.cpp.obj
                0x08005c24                Thread::~Thread()
                0x08005c24                Thread::~Thread()
 .text._ZN6Thread5startEv
                0x08005c40       0x44 CMakeFiles/TripComputer.dir/Middlewares/Wrapper/Src/Thread.cpp.obj
                0x08005c40                Thread::start()
 .text._ZN6Thread5delayEm
                0x08005c84       0x34 CMakeFiles/TripComputer.dir/Middlewares/Wrapper/Src/Thread.cpp.obj
                0x08005c84                Thread::delay(unsigned long)
 .text._ZN6Thread18staticTaskFunctionEPv
                0x08005cb8       0x2e CMakeFiles/TripComputer.dir/Middlewares/Wrapper/Src/Thread.cpp.obj
                0x08005cb8                Thread::staticTaskFunction(void*)
 *fill*         0x08005ce6        0x2 
 .text._ZN7GpsTaskC2ER4IGps
                0x08005ce8       0x38 CMakeFiles/TripComputer.dir/Middlewares/Wrapper/Src/GpsTask.cpp.obj
                0x08005ce8                GpsTask::GpsTask(IGps&)
                0x08005ce8                GpsTask::GpsTask(IGps&)
 .text._ZN7GpsTask3runEv
                0x08005d20       0x38 CMakeFiles/TripComputer.dir/Middlewares/Wrapper/Src/GpsTask.cpp.obj
                0x08005d20                GpsTask::run()
 .text._ZN4IGpsC2Ev
                0x08005d58       0x1c CMakeFiles/TripComputer.dir/Components/Gps/Src/Neo6M.cpp.obj
                0x08005d58                IGps::IGps()
                0x08005d58                IGps::IGps()
 .text._ZN5Neo6MC2Ev
                0x08005d74       0x38 CMakeFiles/TripComputer.dir/Components/Gps/Src/Neo6M.cpp.obj
                0x08005d74                Neo6M::Neo6M()
                0x08005d74                Neo6M::Neo6M()
 .text._ZN5Neo6M4initEv
                0x08005dac       0x14 CMakeFiles/TripComputer.dir/Components/Gps/Src/Neo6M.cpp.obj
                0x08005dac                Neo6M::init()
 .text._ZN5Neo6M6updateEv
                0x08005dc0       0x3c CMakeFiles/TripComputer.dir/Components/Gps/Src/Neo6M.cpp.obj
                0x08005dc0                Neo6M::update()
 .text._ZNK5Neo6M7getDataEv
                0x08005dfc       0x20 CMakeFiles/TripComputer.dir/Components/Gps/Src/Neo6M.cpp.obj
                0x08005dfc                Neo6M::getData() const
 .text.__aeabi_atexit
                0x08005e1c        0xe C:/ARM-Toolchain/arm-gnu-toolchain-15.2.rel1-mingw-w64-x86_64-arm-none-eabi/bin/../lib/gcc/arm-none-eabi/15.2.1/../../../../arm-none-eabi/lib/thumb/v6-m/nofp\libstdc++_nano.a(atexit_arm.o)
                0x08005e1c                __aeabi_atexit
 .text._ZdlPvj  0x08005e2a        0x8 C:/ARM-Toolchain/arm-gnu-toolchain-15.2.rel1-mingw-w64-x86_64-arm-none-eabi/bin/../lib/gcc/arm-none-eabi/15.2.1/../../../../arm-none-eabi/lib/thumb/v6-m/nofp\libstdc++_nano.a(del_ops.o)
                0x08005e2a                operator delete(void*, unsigned int)
 .text._ZdlPv   0x08005e32        0x8 C:/ARM-Toolchain/arm-gnu-toolchain-15.2.rel1-mingw-w64-x86_64-arm-none-eabi/bin/../lib/gcc/arm-none-eabi/15.2.1/../../../../arm-none-eabi/lib/thumb/v6-m/nofp\libstdc++_nano.a(del_op.o)
                0x08005e32                operator delete(void*)
 *fill*         0x08005e3a        0x2 
 .text.free     0x08005e3c       0x14 C:/ARM-Toolchain/arm-gnu-toolchain-15.2.rel1-mingw-w64-x86_64-arm-none-eabi/bin/../lib/gcc/arm-none-eabi/15.2.1/../../../../arm-none-eabi/lib/thumb/v6-m/nofp\libg_nano.a(libc_a-malloc.o)
                0x08005e3c                free
 .text.__malloc_lock
                0x08005e50       0x10 C:/ARM-Toolchain/arm-gnu-toolchain-15.2.rel1-mingw-w64-x86_64-arm-none-eabi/bin/../lib/gcc/arm-none-eabi/15.2.1/../../../../arm-none-eabi/lib/thumb/v6-m/nofp\libg_nano.a(libc_a-mlock.o)
                0x08005e50                __malloc_lock
 .text.__malloc_unlock
                0x08005e60       0x10 C:/ARM-Toolchain/arm-gnu-toolchain-15.2.rel1-mingw-w64-x86_64-arm-none-eabi/bin/../lib/gcc/arm-none-eabi/15.2.1/../../../../arm-none-eabi/lib/thumb/v6-m/nofp\libg_nano.a(libc_a-mlock.o)
                0x08005e60                __malloc_unlock
 .text.__cxa_atexit
                0x08005e70       0x1c C:/ARM-Toolchain/arm-gnu-toolchain-15.2.rel1-mingw-w64-x86_64-arm-none-eabi/bin/../lib/gcc/arm-none-eabi/15.2.1/../../../../arm-none-eabi/lib/thumb/v6-m/nofp\libg_nano.a(libc_a-cxa_atexit.o)
                0x08005e70                __cxa_atexit
 .text.memset   0x08005e8c       0x10 C:/ARM-Toolchain/arm-gnu-toolchain-15.2.rel1-mingw-w64-x86_64-arm-none-eabi/bin/../lib/gcc/arm-none-eabi/15.2.1/../../../../arm-none-eabi/lib/thumb/v6-m/nofp\libg_nano.a(libc_a-memset.o)
                0x08005e8c                memset
 .text.__libc_init_array
                0x08005e9c       0x48 C:/ARM-Toolchain/arm-gnu-toolchain-15.2.rel1-mingw-w64-x86_64-arm-none-eabi/bin/../lib/gcc/arm-none-eabi/15.2.1/../../../../arm-none-eabi/lib/thumb/v6-m/nofp\libg_nano.a(libc_a-init.o)
                0x08005e9c                __libc_init_array
 .text.__retarget_lock_acquire_recursive
                0x08005ee4        0x2 C:/ARM-Toolchain/arm-gnu-toolchain-15.2.rel1-mingw-w64-x86_64-arm-none-eabi/bin/../lib/gcc/arm-none-eabi/15.2.1/../../../../arm-none-eabi/lib/thumb/v6-m/nofp\libg_nano.a(libc_a-lock.o)
                0x08005ee4                __retarget_lock_acquire_recursive
 .text.__retarget_lock_release_recursive
                0x08005ee6        0x2 C:/ARM-Toolchain/arm-gnu-toolchain-15.2.rel1-mingw-w64-x86_64-arm-none-eabi/bin/../lib/gcc/arm-none-eabi/15.2.1/../../../../arm-none-eabi/lib/thumb/v6-m/nofp\libg_nano.a(libc_a-lock.o)
                0x08005ee6                __retarget_lock_release_recursive
 .text.memcpy   0x08005ee8       0x12 C:/ARM-Toolchain/arm-gnu-toolchain-15.2.rel1-mingw-w64-x86_64-arm-none-eabi/bin/../lib/gcc/arm-none-eabi/15.2.1/../../../../arm-none-eabi/lib/thumb/v6-m/nofp\libg_nano.a(libc_a-memcpy-stub.o)
                0x08005ee8                memcpy
 *fill*         0x08005efa        0x2 
 .text._free_r  0x08005efc       0x94 C:/ARM-Toolchain/arm-gnu-toolchain-15.2.rel1-mingw-w64-x86_64-arm-none-eabi/bin/../lib/gcc/arm-none-eabi/15.2.1/../../../../arm-none-eabi/lib/thumb/v6-m/nofp\libg_nano.a(libc_a-freer.o)
                0x08005efc                _free_r
 *(.glue_7)
 .glue_7        0x08005f90        0x0 linker stubs
 *(.glue_7t)
 .glue_7t       0x08005f90        0x0 linker stubs
 *(.eh_frame)
 .eh_frame      0x08005f90        0x0 C:/ARM-Toolchain/arm-gnu-toolchain-15.2.rel1-mingw-w64-x86_64-arm-none-eabi/bin/../lib/gcc/arm-none-eabi/15.2.1/thumb/v6-m/nofp/crtbegin.o
 *(.init)
 .init          0x08005f90        0x4 C:/ARM-Toolchain/arm-gnu-toolchain-15.2.rel1-mingw-w64-x86_64-arm-none-eabi/bin/../lib/gcc/arm-none-eabi/15.2.1/thumb/v6-m/nofp/crti.o
                0x08005f90                _init
 .init          0x08005f94        0x8 C:/ARM-Toolchain/arm-gnu-toolchain-15.2.rel1-mingw-w64-x86_64-arm-none-eabi/bin/../lib/gcc/arm-none-eabi/15.2.1/thumb/v6-m/nofp/crtn.o
 *(.fini)
 .fini          0x08005f9c        0x4 C:/ARM-Toolchain/arm-gnu-toolchain-15.2.rel1-mingw-w64-x86_64-arm-none-eabi/bin/../lib/gcc/arm-none-eabi/15.2.1/thumb/v6-m/nofp/crti.o
                0x08005f9c                _fini
 .fini          0x08005fa0        0x8 C:/ARM-Toolchain/arm-gnu-toolchain-15.2.rel1-mingw-w64-x86_64-arm-none-eabi/bin/../lib/gcc/arm-none-eabi/15.2.1/thumb/v6-m/nofp/crtn.o
                0x08005fa8                        . = ALIGN (0x4)
                0x08005fa8                        _etext = .

.vfp11_veneer   0x08005fa8        0x0
 .vfp11_veneer  0x08005fa8        0x0 linker stubs

.v4_bx          0x08005fa8        0x0
 .v4_bx         0x08005fa8        0x0 linker stubs

.iplt           0x08005fa8        0x0
 .iplt          0x08005fa8        0x0 C:/ARM-Toolchain/arm-gnu-toolchain-15.2.rel1-mingw-w64-x86_64-arm-none-eabi/bin/../lib/gcc/arm-none-eabi/15.2.1/thumb/v6-m/nofp/crtbegin.o

.rodata         0x08005fa8      0x10c
                0x08005fa8                        . = ALIGN (0x4)
 *(.rodata)
 .rodata        0x08005fa8        0x5 cmake/stm32cubemx/CMakeFiles/FreeRTOS.dir/__/__/Middlewares/Third_Party/FreeRTOS/Source/tasks.c.obj
 *fill*         0x08005fad        0x3 
 .rodata        0x08005fb0        0xd cmake/stm32cubemx/CMakeFiles/FreeRTOS.dir/__/__/Middlewares/Third_Party/FreeRTOS/Source/timers.c.obj
 *fill*         0x08005fbd        0x3 
 .rodata        0x08005fc0        0xc CMakeFiles/TripComputer.dir/Core/Src/main.c.obj
 .rodata        0x08005fcc        0xc CMakeFiles/TripComputer.dir/Middlewares/Wrapper/Src/SystemTask.cpp.obj
 .rodata        0x08005fd8        0x9 CMakeFiles/TripComputer.dir/Middlewares/Wrapper/Src/GpsTask.cpp.obj
 *(.rodata*)
 *fill*         0x08005fe1        0x3 
 .rodata.AHBPrescTable
                0x08005fe4       0x10 cmake/stm32cubemx/CMakeFiles/STM32_Drivers.dir/__/__/Core/Src/system_stm32f0xx.c.obj
                0x08005fe4                AHBPrescTable
 .rodata.APBPrescTable
                0x08005ff4        0x8 cmake/stm32cubemx/CMakeFiles/STM32_Drivers.dir/__/__/Core/Src/system_stm32f0xx.c.obj
                0x08005ff4                APBPrescTable
 .rodata.aPLLMULFactorTable.1
                0x08005ffc       0x10 cmake/stm32cubemx/CMakeFiles/STM32_Drivers.dir/__/__/Drivers/STM32F0xx_HAL_Driver/Src/stm32f0xx_hal_rcc.c.obj
 .rodata.aPredivFactorTable.0
                0x0800600c       0x10 cmake/stm32cubemx/CMakeFiles/STM32_Drivers.dir/__/__/Drivers/STM32F0xx_HAL_Driver/Src/stm32f0xx_hal_rcc.c.obj
 .rodata.defaultTask_attributes
                0x0800601c       0x24 CMakeFiles/TripComputer.dir/Core/Src/main.c.obj
                0x0800601c                defaultTask_attributes
 .rodata._ZTV4IGps
                0x08006040       0x1c CMakeFiles/TripComputer.dir/Core/Src/App.cpp.obj
                0x08006040                vtable for IGps
 .rodata._ZTV10SystemTask
                0x0800605c       0x14 CMakeFiles/TripComputer.dir/Middlewares/Wrapper/Src/SystemTask.cpp.obj
                0x0800605c                vtable for SystemTask
 .rodata._ZTV6Thread
                0x08006070       0x14 CMakeFiles/TripComputer.dir/Middlewares/Wrapper/Src/Thread.cpp.obj
                0x08006070                vtable for Thread
 .rodata._ZTV7GpsTask
                0x08006084       0x14 CMakeFiles/TripComputer.dir/Middlewares/Wrapper/Src/GpsTask.cpp.obj
                0x08006084                vtable for GpsTask
 .rodata._ZTV5Neo6M
                0x08006098       0x1c CMakeFiles/TripComputer.dir/Components/Gps/Src/Neo6M.cpp.obj
                0x08006098                vtable for Neo6M
                0x080060b4                        . = ALIGN (0x4)

.ARM.extab      0x080060b4        0x0
                0x080060b4                        . = ALIGN (0x4)
 *(.ARM.extab* .gnu.linkonce.armextab.*)
                0x080060b4                        . = ALIGN (0x4)

.ARM            0x080060b4        0x0
                0x080060b4                        . = ALIGN (0x4)
                0x080060b4                        __exidx_start = .
 *(.ARM.exidx*)
                0x080060b4                        __exidx_end = .
                0x080060b4                        . = ALIGN (0x4)

.preinit_array  0x080060b4        0x0
                0x080060b4                        . = ALIGN (0x4)
                0x080060b4                        PROVIDE (__preinit_array_start = .)
 *(.preinit_array*)
                0x080060b4                        PROVIDE (__preinit_array_end = .)
                0x080060b4                        . = ALIGN (0x4)

.init_array     0x080060b4        0x8
                0x080060b4                        . = ALIGN (0x4)
                0x080060b4                        PROVIDE (__init_array_start = .)
 *(SORT_BY_NAME(.init_array.*))
 *(.init_array*)
 .init_array    0x080060b4        0x4 C:/ARM-Toolchain/arm-gnu-toolchain-15.2.rel1-mingw-w64-x86_64-arm-none-eabi/bin/../lib/gcc/arm-none-eabi/15.2.1/thumb/v6-m/nofp/crtbegin.o
 .init_array    0x080060b8        0x4 CMakeFiles/TripComputer.dir/Core/Src/App.cpp.obj
                0x080060bc                        PROVIDE (__init_array_end = .)
                0x080060bc                        . = ALIGN (0x4)

.fini_array     0x080060bc        0x4
                0x080060bc                        . = ALIGN (0x4)
                [!provide]                        PROVIDE (__fini_array_start = .)
 *(SORT_BY_NAME(.fini_array.*))
 *(.fini_array*)
 .fini_array    0x080060bc        0x4 C:/ARM-Toolchain/arm-gnu-toolchain-15.2.rel1-mingw-w64-x86_64-arm-none-eabi/bin/../lib/gcc/arm-none-eabi/15.2.1/thumb/v6-m/nofp/crtbegin.o
                [!provide]                        PROVIDE (__fini_array_end = .)
                0x080060c0                        . = ALIGN (0x4)
                0x080060c0                        _sidata = LOADADDR (.data)

.rel.dyn        0x080060c0        0x0
 .rel.iplt      0x080060c0        0x0 C:/ARM-Toolchain/arm-gnu-toolchain-15.2.rel1-mingw-w64-x86_64-arm-none-eabi/bin/../lib/gcc/arm-none-eabi/15.2.1/thumb/v6-m/nofp/crtbegin.o

.data           0x20000000       0x64 load address 0x080060c0
                0x20000000                        . = ALIGN (0x4)
                0x20000000                        _sdata = .
 *(.data)
 *(.data*)
 .data.__dso_handle
                0x20000000        0x4 C:/ARM-Toolchain/arm-gnu-toolchain-15.2.rel1-mingw-w64-x86_64-arm-none-eabi/bin/../lib/gcc/arm-none-eabi/15.2.1/thumb/v6-m/nofp/crtbegin.o
                0x20000000                __dso_handle
 .data.SystemCoreClock
                0x20000004        0x4 cmake/stm32cubemx/CMakeFiles/STM32_Drivers.dir/__/__/Core/Src/system_stm32f0xx.c.obj
                0x20000004                SystemCoreClock
 .data.uwTickPrio
                0x20000008        0x4 cmake/stm32cubemx/CMakeFiles/STM32_Drivers.dir/__/__/Drivers/STM32F0xx_HAL_Driver/Src/stm32f0xx_hal.c.obj
                0x20000008                uwTickPrio
 .data.uwTickFreq
                0x2000000c        0x1 cmake/stm32cubemx/CMakeFiles/STM32_Drivers.dir/__/__/Drivers/STM32F0xx_HAL_Driver/Src/stm32f0xx_hal.c.obj
                0x2000000c                uwTickFreq
 *fill*         0x2000000d        0x3 
 .data.uxCriticalNesting
                0x20000010        0x4 cmake/stm32cubemx/CMakeFiles/FreeRTOS.dir/__/__/Middlewares/Third_Party/FreeRTOS/Source/portable/GCC/ARM_CM0/port.c.obj
 .data._impure_ptr
                0x20000014        0x4 C:/ARM-Toolchain/arm-gnu-toolchain-15.2.rel1-mingw-w64-x86_64-arm-none-eabi/bin/../lib/gcc/arm-none-eabi/15.2.1/../../../../arm-none-eabi/lib/thumb/v6-m/nofp\libg_nano.a(libc_a-impure.o)
                0x20000014                _impure_ptr
 .data._impure_data
                0x20000018       0x4c C:/ARM-Toolchain/arm-gnu-toolchain-15.2.rel1-mingw-w64-x86_64-arm-none-eabi/bin/../lib/gcc/arm-none-eabi/15.2.1/../../../../arm-none-eabi/lib/thumb/v6-m/nofp\libg_nano.a(libc_a-impure.o)
                0x20000018                _impure_data
 *(.RamFunc)
 *(.RamFunc*)
                0x20000064                        . = ALIGN (0x4)

.tm_clone_table
                0x20000064        0x0 load address 0x08006124
 .tm_clone_table
                0x20000064        0x0 C:/ARM-Toolchain/arm-gnu-toolchain-15.2.rel1-mingw-w64-x86_64-arm-none-eabi/bin/../lib/gcc/arm-none-eabi/15.2.1/thumb/v6-m/nofp/crtbegin.o
 .tm_clone_table
                0x20000064        0x0 C:/ARM-Toolchain/arm-gnu-toolchain-15.2.rel1-mingw-w64-x86_64-arm-none-eabi/bin/../lib/gcc/arm-none-eabi/15.2.1/thumb/v6-m/nofp/crtend.o

.igot.plt       0x20000064        0x0 load address 0x08006124
 .igot.plt      0x20000064        0x0 C:/ARM-Toolchain/arm-gnu-toolchain-15.2.rel1-mingw-w64-x86_64-arm-none-eabi/bin/../lib/gcc/arm-none-eabi/15.2.1/thumb/v6-m/nofp/crtbegin.o

.tdata          0x20000064        0x0 load address 0x08006124
 *(.tdata .tdata.* .gnu.linkonce.td.*)
                0x20000064                        . = ALIGN (0x4)
                0x20000064                        _edata = .
                [!provide]                        PROVIDE (__data_end = .)
                [!provide]                        PROVIDE (__tdata_end = .)
                [!provide]                        PROVIDE (__tdata_start = ADDR (.tdata))
                [!provide]                        PROVIDE (__tdata_size = (__tdata_end - __tdata_start))
                [!provide]                        PROVIDE (__data_start = ADDR (.data))
                [!provide]                        PROVIDE (__data_size = (__data_end - __data_start))
                [!provide]                        PROVIDE (__tdata_source = LOADADDR (.tdata))
                [!provide]                        PROVIDE (__tdata_source_end = (LOADADDR (.tdata) + SIZEOF (.tdata)))
                [!provide]                        PROVIDE (__tdata_source_size = (__tdata_source_end - __tdata_source))
                [!provide]                        PROVIDE (__data_source = LOADADDR (.data))
                [!provide]                        PROVIDE (__data_source_end = __tdata_source_end)
                [!provide]                        PROVIDE (__data_source_size = (__data_source_end - __data_source))

.tbss           0x20000064        0x0 load address 0x08006124
                0x20000064                        _sbss = .
                0x20000064                        __bss_start__ = _sbss
 *(.tbss .tbss.*)
                0x20000064                        . = ALIGN (0x4)
                [!provide]                        PROVIDE (__tbss_end = .)
                [!provide]                        PROVIDE (__tbss_start = ADDR (.tbss))
                [!provide]                        PROVIDE (__tbss_size = (__tbss_end - __tbss_start))
                [!provide]                        PROVIDE (__tbss_offset = (ADDR (.tbss) - ADDR (.tdata)))
                [!provide]                        PROVIDE (__tls_base = __tdata_start)
                [!provide]                        PROVIDE (__tls_end = __tbss_end)
                [!provide]                        PROVIDE (__tls_size = (__tls_end - __tls_base))
                [!provide]                        PROVIDE (__tls_align = MAX (ALIGNOF (.tdata), ALIGNOF (.tbss)))
                [!provide]                        PROVIDE (__tls_size_align = (((__tls_size + __tls_align) - 0x1) & ~ ((__tls_align - 0x1))))
                [!provide]                        PROVIDE (__arm32_tls_tcb_offset = MAX (0x8, __tls_align))
                [!provide]                        PROVIDE (__arm64_tls_tcb_offset = MAX (0x10, __tls_align))

.bss            0x20000064     0x1e04 load address 0x08006124
 *(.bss)
 *(.bss*)
 .bss.completed.1
                0x20000064        0x1 C:/ARM-Toolchain/arm-gnu-toolchain-15.2.rel1-mingw-w64-x86_64-arm-none-eabi/bin/../lib/gcc/arm-none-eabi/15.2.1/thumb/v6-m/nofp/crtbegin.o
 *fill*         0x20000065        0x3 
 .bss.object.0  0x20000068       0x18 C:/ARM-Toolchain/arm-gnu-toolchain-15.2.rel1-mingw-w64-x86_64-arm-none-eabi/bin/../lib/gcc/arm-none-eabi/15.2.1/thumb/v6-m/nofp/crtbegin.o
 .bss.uwTick    0x20000080        0x4 cmake/stm32cubemx/CMakeFiles/STM32_Drivers.dir/__/__/Drivers/STM32F0xx_HAL_Driver/Src/stm32f0xx_hal.c.obj
                0x20000080                uwTick
 .bss.xQueueRegistry
                0x20000084       0x40 cmake/stm32cubemx/CMakeFiles/FreeRTOS.dir/__/__/Middlewares/Third_Party/FreeRTOS/Source/queue.c.obj
                0x20000084                xQueueRegistry
 .bss.pxCurrentTCB
                0x200000c4        0x4 cmake/stm32cubemx/CMakeFiles/FreeRTOS.dir/__/__/Middlewares/Third_Party/FreeRTOS/Source/tasks.c.obj
                0x200000c4                pxCurrentTCB
 .bss.pxReadyTasksLists
                0x200000c8      0x460 cmake/stm32cubemx/CMakeFiles/FreeRTOS.dir/__/__/Middlewares/Third_Party/FreeRTOS/Source/tasks.c.obj
 .bss.xDelayedTaskList1
                0x20000528       0x14 cmake/stm32cubemx/CMakeFiles/FreeRTOS.dir/__/__/Middlewares/Third_Party/FreeRTOS/Source/tasks.c.obj
 .bss.xDelayedTaskList2
                0x2000053c       0x14 cmake/stm32cubemx/CMakeFiles/FreeRTOS.dir/__/__/Middlewares/Third_Party/FreeRTOS/Source/tasks.c.obj
 .bss.pxDelayedTaskList
                0x20000550        0x4 cmake/stm32cubemx/CMakeFiles/FreeRTOS.dir/__/__/Middlewares/Third_Party/FreeRTOS/Source/tasks.c.obj
 .bss.pxOverflowDelayedTaskList
                0x20000554        0x4 cmake/stm32cubemx/CMakeFiles/FreeRTOS.dir/__/__/Middlewares/Third_Party/FreeRTOS/Source/tasks.c.obj
 .bss.xPendingReadyList
                0x20000558       0x14 cmake/stm32cubemx/CMakeFiles/FreeRTOS.dir/__/__/Middlewares/Third_Party/FreeRTOS/Source/tasks.c.obj
 .bss.xTasksWaitingTermination
                0x2000056c       0x14 cmake/stm32cubemx/CMakeFiles/FreeRTOS.dir/__/__/Middlewares/Third_Party/FreeRTOS/Source/tasks.c.obj
 .bss.uxDeletedTasksWaitingCleanUp
                0x20000580        0x4 cmake/stm32cubemx/CMakeFiles/FreeRTOS.dir/__/__/Middlewares/Third_Party/FreeRTOS/Source/tasks.c.obj
 .bss.xSuspendedTaskList
                0x20000584       0x14 cmake/stm32cubemx/CMakeFiles/FreeRTOS.dir/__/__/Middlewares/Third_Party/FreeRTOS/Source/tasks.c.obj
 .bss.uxCurrentNumberOfTasks
                0x20000598        0x4 cmake/stm32cubemx/CMakeFiles/FreeRTOS.dir/__/__/Middlewares/Third_Party/FreeRTOS/Source/tasks.c.obj
 .bss.xTickCount
                0x2000059c        0x4 cmake/stm32cubemx/CMakeFiles/FreeRTOS.dir/__/__/Middlewares/Third_Party/FreeRTOS/Source/tasks.c.obj
 .bss.uxTopReadyPriority
                0x200005a0        0x4 cmake/stm32cubemx/CMakeFiles/FreeRTOS.dir/__/__/Middlewares/Third_Party/FreeRTOS/Source/tasks.c.obj
 .bss.xSchedulerRunning
                0x200005a4        0x4 cmake/stm32cubemx/CMakeFiles/FreeRTOS.dir/__/__/Middlewares/Third_Party/FreeRTOS/Source/tasks.c.obj
 .bss.uxPendedTicks
                0x200005a8        0x4 cmake/stm32cubemx/CMakeFiles/FreeRTOS.dir/__/__/Middlewares/Third_Party/FreeRTOS/Source/tasks.c.obj
 .bss.xYieldPending
                0x200005ac        0x4 cmake/stm32cubemx/CMakeFiles/FreeRTOS.dir/__/__/Middlewares/Third_Party/FreeRTOS/Source/tasks.c.obj
 .bss.xNumOfOverflows
                0x200005b0        0x4 cmake/stm32cubemx/CMakeFiles/FreeRTOS.dir/__/__/Middlewares/Third_Party/FreeRTOS/Source/tasks.c.obj
 .bss.uxTaskNumber
                0x200005b4        0x4 cmake/stm32cubemx/CMakeFiles/FreeRTOS.dir/__/__/Middlewares/Third_Party/FreeRTOS/Source/tasks.c.obj
 .bss.xNextTaskUnblockTime
                0x200005b8        0x4 cmake/stm32cubemx/CMakeFiles/FreeRTOS.dir/__/__/Middlewares/Third_Party/FreeRTOS/Source/tasks.c.obj
 .bss.xIdleTaskHandle
                0x200005bc        0x4 cmake/stm32cubemx/CMakeFiles/FreeRTOS.dir/__/__/Middlewares/Third_Party/FreeRTOS/Source/tasks.c.obj
 .bss.uxSchedulerSuspended
                0x200005c0        0x4 cmake/stm32cubemx/CMakeFiles/FreeRTOS.dir/__/__/Middlewares/Third_Party/FreeRTOS/Source/tasks.c.obj
 .bss.xActiveTimerList1
                0x200005c4       0x14 cmake/stm32cubemx/CMakeFiles/FreeRTOS.dir/__/__/Middlewares/Third_Party/FreeRTOS/Source/timers.c.obj
 .bss.xActiveTimerList2
                0x200005d8       0x14 cmake/stm32cubemx/CMakeFiles/FreeRTOS.dir/__/__/Middlewares/Third_Party/FreeRTOS/Source/timers.c.obj
 .bss.pxCurrentTimerList
                0x200005ec        0x4 cmake/stm32cubemx/CMakeFiles/FreeRTOS.dir/__/__/Middlewares/Third_Party/FreeRTOS/Source/timers.c.obj
 .bss.pxOverflowTimerList
                0x200005f0        0x4 cmake/stm32cubemx/CMakeFiles/FreeRTOS.dir/__/__/Middlewares/Third_Party/FreeRTOS/Source/timers.c.obj
 .bss.xTimerQueue
                0x200005f4        0x4 cmake/stm32cubemx/CMakeFiles/FreeRTOS.dir/__/__/Middlewares/Third_Party/FreeRTOS/Source/timers.c.obj
 .bss.xTimerTaskHandle
                0x200005f8        0x4 cmake/stm32cubemx/CMakeFiles/FreeRTOS.dir/__/__/Middlewares/Third_Party/FreeRTOS/Source/timers.c.obj
 .bss.xLastTime.2
                0x200005fc        0x4 cmake/stm32cubemx/CMakeFiles/FreeRTOS.dir/__/__/Middlewares/Third_Party/FreeRTOS/Source/timers.c.obj
 .bss.ucStaticTimerQueueStorage.1
                0x20000600       0xa0 cmake/stm32cubemx/CMakeFiles/FreeRTOS.dir/__/__/Middlewares/Third_Party/FreeRTOS/Source/timers.c.obj
 .bss.xStaticTimerQueue.0
                0x200006a0       0x50 cmake/stm32cubemx/CMakeFiles/FreeRTOS.dir/__/__/Middlewares/Third_Party/FreeRTOS/Source/timers.c.obj
 .bss.KernelState
                0x200006f0        0x4 cmake/stm32cubemx/CMakeFiles/FreeRTOS.dir/__/__/Middlewares/Third_Party/FreeRTOS/Source/CMSIS_RTOS_V2/cmsis_os2.c.obj
 .bss.Idle_TCB  0x200006f4       0x5c cmake/stm32cubemx/CMakeFiles/FreeRTOS.dir/__/__/Middlewares/Third_Party/FreeRTOS/Source/CMSIS_RTOS_V2/cmsis_os2.c.obj
 .bss.Idle_Stack
                0x20000750      0x200 cmake/stm32cubemx/CMakeFiles/FreeRTOS.dir/__/__/Middlewares/Third_Party/FreeRTOS/Source/CMSIS_RTOS_V2/cmsis_os2.c.obj
 .bss.Timer_TCB
                0x20000950       0x5c cmake/stm32cubemx/CMakeFiles/FreeRTOS.dir/__/__/Middlewares/Third_Party/FreeRTOS/Source/CMSIS_RTOS_V2/cmsis_os2.c.obj
 .bss.Timer_Stack
                0x200009ac      0x400 cmake/stm32cubemx/CMakeFiles/FreeRTOS.dir/__/__/Middlewares/Third_Party/FreeRTOS/Source/CMSIS_RTOS_V2/cmsis_os2.c.obj
 .bss.ucHeap    0x20000dac      0xc00 cmake/stm32cubemx/CMakeFiles/FreeRTOS.dir/__/__/Middlewares/Third_Party/FreeRTOS/Source/portable/MemMang/heap_4.c.obj
 .bss.xStart    0x200019ac        0x8 cmake/stm32cubemx/CMakeFiles/FreeRTOS.dir/__/__/Middlewares/Third_Party/FreeRTOS/Source/portable/MemMang/heap_4.c.obj
 .bss.pxEnd     0x200019b4        0x4 cmake/stm32cubemx/CMakeFiles/FreeRTOS.dir/__/__/Middlewares/Third_Party/FreeRTOS/Source/portable/MemMang/heap_4.c.obj
 .bss.xFreeBytesRemaining
                0x200019b8        0x4 cmake/stm32cubemx/CMakeFiles/FreeRTOS.dir/__/__/Middlewares/Third_Party/FreeRTOS/Source/portable/MemMang/heap_4.c.obj
 .bss.xMinimumEverFreeBytesRemaining
                0x200019bc        0x4 cmake/stm32cubemx/CMakeFiles/FreeRTOS.dir/__/__/Middlewares/Third_Party/FreeRTOS/Source/portable/MemMang/heap_4.c.obj
 .bss.xBlockAllocatedBit
                0x200019c0        0x4 cmake/stm32cubemx/CMakeFiles/FreeRTOS.dir/__/__/Middlewares/Third_Party/FreeRTOS/Source/portable/MemMang/heap_4.c.obj
 .bss.huart1    0x200019c4       0x88 CMakeFiles/TripComputer.dir/Core/Src/main.c.obj
                0x200019c4                huart1
 .bss.hdma_usart1_rx
                0x20001a4c       0x44 CMakeFiles/TripComputer.dir/Core/Src/main.c.obj
                0x20001a4c                hdma_usart1_rx
 .bss.defaultTaskHandle
                0x20001a90        0x4 CMakeFiles/TripComputer.dir/Core/Src/main.c.obj
                0x20001a90                defaultTaskHandle
 .bss.htim1     0x20001a94       0x48 CMakeFiles/TripComputer.dir/Core/Src/stm32f0xx_hal_timebase_tim.c.obj
                0x20001a94                htim1
 .bss._ZL9gpsDriver
                0x20001adc       0x1c CMakeFiles/TripComputer.dir/Core/Src/App.cpp.obj
 .bss._ZL7gpsTask
                0x20001af8       0x18 CMakeFiles/TripComputer.dir/Core/Src/App.cpp.obj
 .bss._ZL10systemTask
                0x20001b10       0x14 CMakeFiles/TripComputer.dir/Core/Src/App.cpp.obj
 .bss.dma_rx_buffer
                0x20001b24      0x200 CMakeFiles/TripComputer.dir/Drivers/BSP/Src/bsp_gps.c.obj
 .bss.read_index
                0x20001d24        0x4 CMakeFiles/TripComputer.dir/Drivers/BSP/Src/bsp_gps.c.obj
 .bss.__malloc_free_list
                0x20001d28        0x4 C:/ARM-Toolchain/arm-gnu-toolchain-15.2.rel1-mingw-w64-x86_64-arm-none-eabi/bin/../lib/gcc/arm-none-eabi/15.2.1/../../../../arm-none-eabi/lib/thumb/v6-m/nofp\libg_nano.a(libc_a-mallocr.o)
                0x20001d28                __malloc_free_list
 .bss.__sf      0x20001d2c      0x138 C:/ARM-Toolchain/arm-gnu-toolchain-15.2.rel1-mingw-w64-x86_64-arm-none-eabi/bin/../lib/gcc/arm-none-eabi/15.2.1/../../../../arm-none-eabi/lib/thumb/v6-m/nofp\libg_nano.a(libc_a-findfp.o)
                0x20001d2c                __sf
 .bss.__lock___malloc_recursive_mutex
                0x20001e64        0x1 C:/ARM-Toolchain/arm-gnu-toolchain-15.2.rel1-mingw-w64-x86_64-arm-none-eabi/bin/../lib/gcc/arm-none-eabi/15.2.1/../../../../arm-none-eabi/lib/thumb/v6-m/nofp\libg_nano.a(libc_a-lock.o)
                0x20001e64                __lock___malloc_recursive_mutex
 *(COMMON)
                0x20001e68                        . = ALIGN (0x4)
 *fill*         0x20001e65        0x3 
                0x20001e68                        _ebss = .
                0x20001e68                        __bss_end__ = _ebss
                [!provide]                        PROVIDE (__bss_end = .)
                [!provide]                        PROVIDE (__non_tls_bss_start = ADDR (.bss))
                [!provide]                        PROVIDE (__bss_start = __tbss_start)
                [!provide]                        PROVIDE (__bss_size = (__bss_end - __bss_start))

._user_heap_stack
                0x20001e68      0x600 load address 0x08006124
                0x20001e68                        . = ALIGN (0x8)
                [!provide]                        PROVIDE (end = .)
                0x20001e68                        PROVIDE (_end = .)
                0x20002068                        . = (. + _Min_Heap_Size)
 *fill*         0x20001e68      0x200 
                0x20002468                        . = (. + _Min_Stack_Size)
 *fill*         0x20002068      0x400 
                0x20002468                        . = ALIGN (0x8)

/DISCARD/
 libc.a:*(*)
 libm.a:*(*)
 libgcc.a:*(*)
OUTPUT(TripComputer.elf elf32-littlearm)
LOAD linker stubs

.ARM.attributes
                0x00000000       0x28
 .ARM.attributes
                0x00000000       0x1e C:/ARM-Toolchain/arm-gnu-toolchain-15.2.rel1-mingw-w64-x86_64-arm-none-eabi/bin/../lib/gcc/arm-none-eabi/15.2.1/thumb/v6-m/nofp/crti.o
 .ARM.attributes
                0x0000001e       0x2c C:/ARM-Toolchain/arm-gnu-toolchain-15.2.rel1-mingw-w64-x86_64-arm-none-eabi/bin/../lib/gcc/arm-none-eabi/15.2.1/thumb/v6-m/nofp/crtbegin.o
 .ARM.attributes
                0x0000004a       0x2c cmake/stm32cubemx/CMakeFiles/STM32_Drivers.dir/__/__/Core/Src/system_stm32f0xx.c.obj
 .ARM.attributes
                0x00000076       0x2c cmake/stm32cubemx/CMakeFiles/STM32_Drivers.dir/__/__/Drivers/STM32F0xx_HAL_Driver/Src/stm32f0xx_hal_tim.c.obj
 .ARM.attributes
                0x000000a2       0x2c cmake/stm32cubemx/CMakeFiles/STM32_Drivers.dir/__/__/Drivers/STM32F0xx_HAL_Driver/Src/stm32f0xx_hal_tim_ex.c.obj
 .ARM.attributes
                0x000000ce       0x2c cmake/stm32cubemx/CMakeFiles/STM32_Drivers.dir/__/__/Drivers/STM32F0xx_HAL_Driver/Src/stm32f0xx_hal_rcc.c.obj
 .ARM.attributes
                0x000000fa       0x2c cmake/stm32cubemx/CMakeFiles/STM32_Drivers.dir/__/__/Drivers/STM32F0xx_HAL_Driver/Src/stm32f0xx_hal_rcc_ex.c.obj
 .ARM.attributes
                0x00000126       0x2c cmake/stm32cubemx/CMakeFiles/STM32_Drivers.dir/__/__/Drivers/STM32F0xx_HAL_Driver/Src/stm32f0xx_hal.c.obj
 .ARM.attributes
                0x00000152       0x2c cmake/stm32cubemx/CMakeFiles/STM32_Drivers.dir/__/__/Drivers/STM32F0xx_HAL_Driver/Src/stm32f0xx_hal_gpio.c.obj
 .ARM.attributes
                0x0000017e       0x2c cmake/stm32cubemx/CMakeFiles/STM32_Drivers.dir/__/__/Drivers/STM32F0xx_HAL_Driver/Src/stm32f0xx_hal_dma.c.obj
 .ARM.attributes
                0x000001aa       0x2c cmake/stm32cubemx/CMakeFiles/STM32_Drivers.dir/__/__/Drivers/STM32F0xx_HAL_Driver/Src/stm32f0xx_hal_cortex.c.obj
 .ARM.attributes
                0x000001d6       0x2c cmake/stm32cubemx/CMakeFiles/STM32_Drivers.dir/__/__/Drivers/STM32F0xx_HAL_Driver/Src/stm32f0xx_hal_uart.c.obj
 .ARM.attributes
                0x00000202       0x2c cmake/stm32cubemx/CMakeFiles/FreeRTOS.dir/__/__/Middlewares/Third_Party/FreeRTOS/Source/list.c.obj
 .ARM.attributes
                0x0000022e       0x2c cmake/stm32cubemx/CMakeFiles/FreeRTOS.dir/__/__/Middlewares/Third_Party/FreeRTOS/Source/queue.c.obj
 .ARM.attributes
                0x0000025a       0x2c cmake/stm32cubemx/CMakeFiles/FreeRTOS.dir/__/__/Middlewares/Third_Party/FreeRTOS/Source/tasks.c.obj
 .ARM.attributes
                0x00000286       0x2c cmake/stm32cubemx/CMakeFiles/FreeRTOS.dir/__/__/Middlewares/Third_Party/FreeRTOS/Source/timers.c.obj
 .ARM.attributes
                0x000002b2       0x2c cmake/stm32cubemx/CMakeFiles/FreeRTOS.dir/__/__/Middlewares/Third_Party/FreeRTOS/Source/CMSIS_RTOS_V2/cmsis_os2.c.obj
 .ARM.attributes
                0x000002de       0x2c cmake/stm32cubemx/CMakeFiles/FreeRTOS.dir/__/__/Middlewares/Third_Party/FreeRTOS/Source/portable/MemMang/heap_4.c.obj
 .ARM.attributes
                0x0000030a       0x2c cmake/stm32cubemx/CMakeFiles/FreeRTOS.dir/__/__/Middlewares/Third_Party/FreeRTOS/Source/portable/GCC/ARM_CM0/port.c.obj
 .ARM.attributes
                0x00000336       0x2c CMakeFiles/TripComputer.dir/Core/Src/main.c.obj
 .ARM.attributes
                0x00000362       0x2c CMakeFiles/TripComputer.dir/Core/Src/freertos.c.obj
 .ARM.attributes
                0x0000038e       0x2c CMakeFiles/TripComputer.dir/Core/Src/stm32f0xx_it.c.obj
 .ARM.attributes
                0x000003ba       0x2c CMakeFiles/TripComputer.dir/Core/Src/stm32f0xx_hal_msp.c.obj
 .ARM.attributes
                0x000003e6       0x2c CMakeFiles/TripComputer.dir/Core/Src/stm32f0xx_hal_timebase_tim.c.obj
 .ARM.attributes
                0x00000412       0x21 CMakeFiles/TripComputer.dir/startup_stm32f070xb.s.obj
 .ARM.attributes
                0x00000433       0x2c CMakeFiles/TripComputer.dir/Core/Src/App.cpp.obj
 .ARM.attributes
                0x0000045f       0x2c CMakeFiles/TripComputer.dir/Drivers/BSP/Src/bsp_board.c.obj
 .ARM.attributes
                0x0000048b       0x2c CMakeFiles/TripComputer.dir/Drivers/BSP/Src/bsp_gps.c.obj
 .ARM.attributes
                0x000004b7       0x2c CMakeFiles/TripComputer.dir/Middlewares/Wrapper/Src/SystemTask.cpp.obj
 .ARM.attributes
                0x000004e3       0x2c CMakeFiles/TripComputer.dir/Middlewares/Wrapper/Src/Thread.cpp.obj
 .ARM.attributes
                0x0000050f       0x2c CMakeFiles/TripComputer.dir/Middlewares/Wrapper/Src/GpsTask.cpp.obj
 .ARM.attributes
                0x0000053b       0x2c CMakeFiles/TripComputer.dir/Components/Gps/Src/Neo6M.cpp.obj
 .ARM.attributes
                0x00000567       0x2c C:/ARM-Toolchain/arm-gnu-toolchain-15.2.rel1-mingw-w64-x86_64-arm-none-eabi/bin/../lib/gcc/arm-none-eabi/15.2.1/../../../../arm-none-eabi/lib/thumb/v6-m/nofp\libstdc++_nano.a(atexit_arm.o)
 .ARM.attributes
                0x00000593       0x2c C:/ARM-Toolchain/arm-gnu-toolchain-15.2.rel1-mingw-w64-x86_64-arm-none-eabi/bin/../lib/gcc/arm-none-eabi/15.2.1/../../../../arm-none-eabi/lib/thumb/v6-m/nofp\libstdc++_nano.a(del_ops.o)
 .ARM.attributes
                0x000005bf       0x2c C:/ARM-Toolchain/arm-gnu-toolchain-15.2.rel1-mingw-w64-x86_64-arm-none-eabi/bin/../lib/gcc/arm-none-eabi/15.2.1/../../../../arm-none-eabi/lib/thumb/v6-m/nofp\libstdc++_nano.a(del_op.o)
 .ARM.attributes
                0x000005eb       0x1e C:/ARM-Toolchain/arm-gnu-toolchain-15.2.rel1-mingw-w64-x86_64-arm-none-eabi/bin/../lib/gcc/arm-none-eabi/15.2.1/thumb/v6-m/nofp\libgcc.a(_udivsi3.o)
 .ARM.attributes
                0x00000609       0x1e C:/ARM-Toolchain/arm-gnu-toolchain-15.2.rel1-mingw-w64-x86_64-arm-none-eabi/bin/../lib/gcc/arm-none-eabi/15.2.1/thumb/v6-m/nofp\libgcc.a(_dvmd_tls.o)
 .ARM.attributes
                0x00000627       0x2c C:/ARM-Toolchain/arm-gnu-toolchain-15.2.rel1-mingw-w64-x86_64-arm-none-eabi/bin/../lib/gcc/arm-none-eabi/15.2.1/../../../../arm-none-eabi/lib/thumb/v6-m/nofp\libg_nano.a(libc_a-malloc.o)
 .ARM.attributes
                0x00000653       0x2c C:/ARM-Toolchain/arm-gnu-toolchain-15.2.rel1-mingw-w64-x86_64-arm-none-eabi/bin/../lib/gcc/arm-none-eabi/15.2.1/../../../../arm-none-eabi/lib/thumb/v6-m/nofp\libg_nano.a(libc_a-mallocr.o)
 .ARM.attributes
                0x0000067f       0x2c C:/ARM-Toolchain/arm-gnu-toolchain-15.2.rel1-mingw-w64-x86_64-arm-none-eabi/bin/../lib/gcc/arm-none-eabi/15.2.1/../../../../arm-none-eabi/lib/thumb/v6-m/nofp\libg_nano.a(libc_a-mlock.o)
 .ARM.attributes
                0x000006ab       0x2c C:/ARM-Toolchain/arm-gnu-toolchain-15.2.rel1-mingw-w64-x86_64-arm-none-eabi/bin/../lib/gcc/arm-none-eabi/15.2.1/../../../../arm-none-eabi/lib/thumb/v6-m/nofp\libg_nano.a(libc_a-cxa_atexit.o)
 .ARM.attributes
                0x000006d7       0x2c C:/ARM-Toolchain/arm-gnu-toolchain-15.2.rel1-mingw-w64-x86_64-arm-none-eabi/bin/../lib/gcc/arm-none-eabi/15.2.1/../../../../arm-none-eabi/lib/thumb/v6-m/nofp\libg_nano.a(libc_a-findfp.o)
 .ARM.attributes
                0x00000703       0x2c C:/ARM-Toolchain/arm-gnu-toolchain-15.2.rel1-mingw-w64-x86_64-arm-none-eabi/bin/../lib/gcc/arm-none-eabi/15.2.1/../../../../arm-none-eabi/lib/thumb/v6-m/nofp\libg_nano.a(libc_a-memset.o)
 .ARM.attributes
                0x0000072f       0x2c C:/ARM-Toolchain/arm-gnu-toolchain-15.2.rel1-mingw-w64-x86_64-arm-none-eabi/bin/../lib/gcc/arm-none-eabi/15.2.1/../../../../arm-none-eabi/lib/thumb/v6-m/nofp\libg_nano.a(libc_a-impure.o)
 .ARM.attributes
                0x0000075b       0x2c C:/ARM-Toolchain/arm-gnu-toolchain-15.2.rel1-mingw-w64-x86_64-arm-none-eabi/bin/../lib/gcc/arm-none-eabi/15.2.1/../../../../arm-none-eabi/lib/thumb/v6-m/nofp\libg_nano.a(libc_a-init.o)
 .ARM.attributes
                0x00000787       0x2c C:/ARM-Toolchain/arm-gnu-toolchain-15.2.rel1-mingw-w64-x86_64-arm-none-eabi/bin/../lib/gcc/arm-none-eabi/15.2.1/../../../../arm-none-eabi/lib/thumb/v6-m/nofp\libg_nano.a(libc_a-lock.o)
 .ARM.attributes
                0x000007b3       0x2c C:/ARM-Toolchain/arm-gnu-toolchain-15.2.rel1-mingw-w64-x86_64-arm-none-eabi/bin/../lib/gcc/arm-none-eabi/15.2.1/../../../../arm-none-eabi/lib/thumb/v6-m/nofp\libg_nano.a(libc_a-memcpy-stub.o)
 .ARM.attributes
                0x000007df       0x2c C:/ARM-Toolchain/arm-gnu-toolchain-15.2.rel1-mingw-w64-x86_64-arm-none-eabi/bin/../lib/gcc/arm-none-eabi/15.2.1/../../../../arm-none-eabi/lib/thumb/v6-m/nofp\libg_nano.a(libc_a-freer.o)
 .ARM.attributes
                0x0000080b       0x2c C:/ARM-Toolchain/arm-gnu-toolchain-15.2.rel1-mingw-w64-x86_64-arm-none-eabi/bin/../lib/gcc/arm-none-eabi/15.2.1/thumb/v6-m/nofp/crtend.o
 .ARM.attributes
                0x00000837       0x1e C:/ARM-Toolchain/arm-gnu-toolchain-15.2.rel1-mingw-w64-x86_64-arm-none-eabi/bin/../lib/gcc/arm-none-eabi/15.2.1/thumb/v6-m/nofp/crtn.o

.comment        0x00000000       0x45
 .comment       0x00000000       0x45 cmake/stm32cubemx/CMakeFiles/STM32_Drivers.dir/__/__/Core/Src/system_stm32f0xx.c.obj
                                 0x46 (size before relaxing)
 .comment       0x00000045        0x0 cmake/stm32cubemx/CMakeFiles/STM32_Drivers.dir/__/__/Drivers/STM32F0xx_HAL_Driver/Src/stm32f0xx_hal_tim.c.obj
                                 0x46 (size before relaxing)
 .comment       0x00000045        0x0 cmake/stm32cubemx/CMakeFiles/STM32_Drivers.dir/__/__/Drivers/STM32F0xx_HAL_Driver/Src/stm32f0xx_hal_tim_ex.c.obj
                                 0x46 (size before relaxing)
 .comment       0x00000045        0x0 cmake/stm32cubemx/CMakeFiles/STM32_Drivers.dir/__/__/Drivers/STM32F0xx_HAL_Driver/Src/stm32f0xx_hal_rcc.c.obj
                                 0x46 (size before relaxing)
 .comment       0x00000045        0x0 cmake/stm32cubemx/CMakeFiles/STM32_Drivers.dir/__/__/Drivers/STM32F0xx_HAL_Driver/Src/stm32f0xx_hal_rcc_ex.c.obj
                                 0x46 (size before relaxing)
 .comment       0x00000045        0x0 cmake/stm32cubemx/CMakeFiles/STM32_Drivers.dir/__/__/Drivers/STM32F0xx_HAL_Driver/Src/stm32f0xx_hal.c.obj
                                 0x46 (size before relaxing)
 .comment       0x00000045        0x0 cmake/stm32cubemx/CMakeFiles/STM32_Drivers.dir/__/__/Drivers/STM32F0xx_HAL_Driver/Src/stm32f0xx_hal_gpio.c.obj
                                 0x46 (size before relaxing)
 .comment       0x00000045        0x0 cmake/stm32cubemx/CMakeFiles/STM32_Drivers.dir/__/__/Drivers/STM32F0xx_HAL_Driver/Src/stm32f0xx_hal_dma.c.obj
                                 0x46 (size before relaxing)
 .comment       0x00000045        0x0 cmake/stm32cubemx/CMakeFiles/STM32_Drivers.dir/__/__/Drivers/STM32F0xx_HAL_Driver/Src/stm32f0xx_hal_cortex.c.obj
                                 0x46 (size before relaxing)
 .comment       0x00000045        0x0 cmake/stm32cubemx/CMakeFiles/STM32_Drivers.dir/__/__/Drivers/STM32F0xx_HAL_Driver/Src/stm32f0xx_hal_uart.c.obj
                                 0x46 (size before relaxing)
 .comment       0x00000045        0x0 cmake/stm32cubemx/CMakeFiles/FreeRTOS.dir/__/__/Middlewares/Third_Party/FreeRTOS/Source/list.c.obj
                                 0x46 (size before relaxing)
 .comment       0x00000045        0x0 cmake/stm32cubemx/CMakeFiles/FreeRTOS.dir/__/__/Middlewares/Third_Party/FreeRTOS/Source/queue.c.obj
                                 0x46 (size before relaxing)
 .comment       0x00000045        0x0 cmake/stm32cubemx/CMakeFiles/FreeRTOS.dir/__/__/Middlewares/Third_Party/FreeRTOS/Source/tasks.c.obj
                                 0x46 (size before relaxing)
 .comment       0x00000045        0x0 cmake/stm32cubemx/CMakeFiles/FreeRTOS.dir/__/__/Middlewares/Third_Party/FreeRTOS/Source/timers.c.obj
                                 0x46 (size before relaxing)
 .comment       0x00000045        0x0 cmake/stm32cubemx/CMakeFiles/FreeRTOS.dir/__/__/Middlewares/Third_Party/FreeRTOS/Source/CMSIS_RTOS_V2/cmsis_os2.c.obj
                                 0x46 (size before relaxing)
 .comment       0x00000045        0x0 cmake/stm32cubemx/CMakeFiles/FreeRTOS.dir/__/__/Middlewares/Third_Party/FreeRTOS/Source/portable/MemMang/heap_4.c.obj
                                 0x46 (size before relaxing)
 .comment       0x00000045        0x0 cmake/stm32cubemx/CMakeFiles/FreeRTOS.dir/__/__/Middlewares/Third_Party/FreeRTOS/Source/portable/GCC/ARM_CM0/port.c.obj
                                 0x46 (size before relaxing)
 .comment       0x00000045        0x0 CMakeFiles/TripComputer.dir/Core/Src/main.c.obj
                                 0x46 (size before relaxing)
 .comment       0x00000045        0x0 CMakeFiles/TripComputer.dir/Core/Src/freertos.c.obj
                                 0x46 (size before relaxing)
 .comment       0x00000045        0x0 CMakeFiles/TripComputer.dir/Core/Src/stm32f0xx_it.c.obj
                                 0x46 (size before relaxing)
 .comment       0x00000045        0x0 CMakeFiles/TripComputer.dir/Core/Src/stm32f0xx_hal_msp.c.obj
                                 0x46 (size before relaxing)
 .comment       0x00000045        0x0 CMakeFiles/TripComputer.dir/Core/Src/stm32f0xx_hal_timebase_tim.c.obj
                                 0x46 (size before relaxing)
 .comment       0x00000045        0x0 CMakeFiles/TripComputer.dir/Core/Src/App.cpp.obj
                                 0x46 (size before relaxing)
 .comment       0x00000045        0x0 CMakeFiles/TripComputer.dir/Drivers/BSP/Src/bsp_board.c.obj
                                 0x46 (size before relaxing)
 .comment       0x00000045        0x0 CMakeFiles/TripComputer.dir/Drivers/BSP/Src/bsp_gps.c.obj
                                 0x46 (size before relaxing)
 .comment       0x00000045        0x0 CMakeFiles/TripComputer.dir/Middlewares/Wrapper/Src/SystemTask.cpp.obj
                                 0x46 (size before relaxing)
 .comment       0x00000045        0x0 CMakeFiles/TripComputer.dir/Middlewares/Wrapper/Src/Thread.cpp.obj
                                 0x46 (size before relaxing)
 .comment       0x00000045        0x0 CMakeFiles/TripComputer.dir/Middlewares/Wrapper/Src/GpsTask.cpp.obj
                                 0x46 (size before relaxing)
 .comment       0x00000045        0x0 CMakeFiles/TripComputer.dir/Components/Gps/Src/Neo6M.cpp.obj
                                 0x46 (size before relaxing)

.debug_info     0x00000000    0x184cd
 .debug_info    0x00000000      0x242 cmake/stm32cubemx/CMakeFiles/STM32_Drivers.dir/__/__/Core/Src/system_stm32f0xx.c.obj
 .debug_info    0x00000242     0x2946 cmake/stm32cubemx/CMakeFiles/STM32_Drivers.dir/__/__/Drivers/STM32F0xx_HAL_Driver/Src/stm32f0xx_hal_tim.c.obj
 .debug_info    0x00002b88     0x1488 cmake/stm32cubemx/CMakeFiles/STM32_Drivers.dir/__/__/Drivers/STM32F0xx_HAL_Driver/Src/stm32f0xx_hal_tim_ex.c.obj
 .debug_info    0x00004010      0x844 cmake/stm32cubemx/CMakeFiles/STM32_Drivers.dir/__/__/Drivers/STM32F0xx_HAL_Driver/Src/stm32f0xx_hal_rcc.c.obj
 .debug_info    0x00004854      0x39a cmake/stm32cubemx/CMakeFiles/STM32_Drivers.dir/__/__/Drivers/STM32F0xx_HAL_Driver/Src/stm32f0xx_hal_rcc_ex.c.obj
 .debug_info    0x00004bee      0x682 cmake/stm32cubemx/CMakeFiles/STM32_Drivers.dir/__/__/Drivers/STM32F0xx_HAL_Driver/Src/stm32f0xx_hal.c.obj
 .debug_info    0x00005270      0x5bf cmake/stm32cubemx/CMakeFiles/STM32_Drivers.dir/__/__/Drivers/STM32F0xx_HAL_Driver/Src/stm32f0xx_hal_gpio.c.obj
 .debug_info    0x0000582f      0x700 cmake/stm32cubemx/CMakeFiles/STM32_Drivers.dir/__/__/Drivers/STM32F0xx_HAL_Driver/Src/stm32f0xx_hal_dma.c.obj
 .debug_info    0x00005f2f      0x6ad cmake/stm32cubemx/CMakeFiles/STM32_Drivers.dir/__/__/Drivers/STM32F0xx_HAL_Driver/Src/stm32f0xx_hal_cortex.c.obj
 .debug_info    0x000065dc     0x3a2a cmake/stm32cubemx/CMakeFiles/STM32_Drivers.dir/__/__/Drivers/STM32F0xx_HAL_Driver/Src/stm32f0xx_hal_uart.c.obj
 .debug_info    0x0000a006      0x2aa cmake/stm32cubemx/CMakeFiles/FreeRTOS.dir/__/__/Middlewares/Third_Party/FreeRTOS/Source/list.c.obj
 .debug_info    0x0000a2b0     0x14a2 cmake/stm32cubemx/CMakeFiles/FreeRTOS.dir/__/__/Middlewares/Third_Party/FreeRTOS/Source/queue.c.obj
 .debug_info    0x0000b752     0x1b74 cmake/stm32cubemx/CMakeFiles/FreeRTOS.dir/__/__/Middlewares/Third_Party/FreeRTOS/Source/tasks.c.obj
 .debug_info    0x0000d2c6     0x11ca cmake/stm32cubemx/CMakeFiles/FreeRTOS.dir/__/__/Middlewares/Third_Party/FreeRTOS/Source/timers.c.obj
 .debug_info    0x0000e490     0x3322 cmake/stm32cubemx/CMakeFiles/FreeRTOS.dir/__/__/Middlewares/Third_Party/FreeRTOS/Source/CMSIS_RTOS_V2/cmsis_os2.c.obj
 .debug_info    0x000117b2      0x309 cmake/stm32cubemx/CMakeFiles/FreeRTOS.dir/__/__/Middlewares/Third_Party/FreeRTOS/Source/portable/MemMang/heap_4.c.obj
 .debug_info    0x00011abb      0x289 cmake/stm32cubemx/CMakeFiles/FreeRTOS.dir/__/__/Middlewares/Third_Party/FreeRTOS/Source/portable/GCC/ARM_CM0/port.c.obj
 .debug_info    0x00011d44     0x1341 CMakeFiles/TripComputer.dir/Core/Src/main.c.obj
 .debug_info    0x00013085       0xc4 CMakeFiles/TripComputer.dir/Core/Src/freertos.c.obj
 .debug_info    0x00013149      0x9ee CMakeFiles/TripComputer.dir/Core/Src/stm32f0xx_it.c.obj
 .debug_info    0x00013b37      0xa84 CMakeFiles/TripComputer.dir/Core/Src/stm32f0xx_hal_msp.c.obj
 .debug_info    0x000145bb      0x949 CMakeFiles/TripComputer.dir/Core/Src/stm32f0xx_hal_timebase_tim.c.obj
 .debug_info    0x00014f04       0x30 CMakeFiles/TripComputer.dir/startup_stm32f070xb.s.obj
 .debug_info    0x00014f34      0x986 CMakeFiles/TripComputer.dir/Core/Src/App.cpp.obj
 .debug_info    0x000158ba      0x275 CMakeFiles/TripComputer.dir/Drivers/BSP/Src/bsp_board.c.obj
 .debug_info    0x00015b2f      0x738 CMakeFiles/TripComputer.dir/Drivers/BSP/Src/bsp_gps.c.obj
 .debug_info    0x00016267      0x371 CMakeFiles/TripComputer.dir/Middlewares/Wrapper/Src/SystemTask.cpp.obj
 .debug_info    0x000165d8      0x434 CMakeFiles/TripComputer.dir/Middlewares/Wrapper/Src/Thread.cpp.obj
 .debug_info    0x00016a0c      0x76d CMakeFiles/TripComputer.dir/Middlewares/Wrapper/Src/GpsTask.cpp.obj
 .debug_info    0x00017179     0x1354 CMakeFiles/TripComputer.dir/Components/Gps/Src/Neo6M.cpp.obj

.debug_abbrev   0x00000000     0x424e
 .debug_abbrev  0x00000000      0x11c cmake/stm32cubemx/CMakeFiles/STM32_Drivers.dir/__/__/Core/Src/system_stm32f0xx.c.obj
 .debug_abbrev  0x0000011c      0x28c cmake/stm32cubemx/CMakeFiles/STM32_Drivers.dir/__/__/Drivers/STM32F0xx_HAL_Driver/Src/stm32f0xx_hal_tim.c.obj
 .debug_abbrev  0x000003a8      0x297 cmake/stm32cubemx/CMakeFiles/STM32_Drivers.dir/__/__/Drivers/STM32F0xx_HAL_Driver/Src/stm32f0xx_hal_tim_ex.c.obj
 .debug_abbrev  0x0000063f      0x28b cmake/stm32cubemx/CMakeFiles/STM32_Drivers.dir/__/__/Drivers/STM32F0xx_HAL_Driver/Src/stm32f0xx_hal_rcc.c.obj
 .debug_abbrev  0x000008ca      0x16e cmake/stm32cubemx/CMakeFiles/STM32_Drivers.dir/__/__/Drivers/STM32F0xx_HAL_Driver/Src/stm32f0xx_hal_rcc_ex.c.obj
 .debug_abbrev  0x00000a38      0x24b cmake/stm32cubemx/CMakeFiles/STM32_Drivers.dir/__/__/Drivers/STM32F0xx_HAL_Driver/Src/stm32f0xx_hal.c.obj
 .debug_abbrev  0x00000c83      0x1ca cmake/stm32cubemx/CMakeFiles/STM32_Drivers.dir/__/__/Drivers/STM32F0xx_HAL_Driver/Src/stm32f0xx_hal_gpio.c.obj